{"config":{"lang":["en"],"separator":"[\\s\\-]+","pipeline":["stopWordFilter"],"fields":{"title":{"boost":1000.0},"text":{"boost":1.0},"tags":{"boost":1000000.0}}},"docs":[{"location":"","title":"Blog","text":""},{"location":"2010/09/04/2010-09-gtkam-could-not-initialize-camera/","title":"gtkam: Could not initialize camera.","text":"<p>This was originally posted on blogger here.</p> <p>I have Canon Ixus 80IS. Canon cameras have \"a feature\" that they are not a USB mass storage. Maybe they have some ****ing reason for this, noone knows...</p> <p>Under Linux, one needs <code>gphoto2</code> in order to download photos from the camera on USB. And one also needs <code>usbfs</code> mounted to <code>/proc/bus/usb</code> and of course one needs proper permissions. For example on current Debian unstable I had to add this line to <code>/etc/fstab</code>:</p> <pre><code>none  /proc/bus/usb  usbfs  defaults  0  0\n</code></pre> <p>And one also needs a user accessing the camera to be in group plugdev. Permissions on devices in <code>/proc/bus/usb/...</code> are set by some of beasts like udev/hal/wtf. No matter, plugdev did the trick for me.</p>","tags":["Linux","gtkam","Gnome","legacy-blogger"]},{"location":"2010/11/17/2010-11-hibernation-on-debian-unstable-sid/","title":"Hibernation on Debian unstable (sid) sucks badly","text":"<p>This was originally posted on blogger here.</p> <p>As the header says... It sucks completely. Basically what you need to make hibernation working on pretty decent laptop like for instance ThinkPad X301 as in my case? First you need running Debian of course, SWAP partition of sufficient size (= greater than your RAM:-)) and install packages <code>hibernate</code> and <code>uswsusp</code>. Then try it... For instance run <code>s2disk</code> or click on some button on your Gnome/KDE/... desktop. It should hibernate (some percentage growing, disk working and then it is off), hopefully.</p> <p>When you turn it on you may see message:</p> <pre><code>Invalidating stale software suspend images\n</code></pre> <p>and then the systems boot from scratch like it has beeing rebooted... What the ****? Well in my case the</p> <pre><code>resume=swap:/dev/sda2\n</code></pre> <p>line was missing in <code>/boot/grub/grub.cfg</code>.</p> <p>Well, you can add it there by hard. (Why it is not there by default? Well I am not a Debian guy, so I do not even know where to fill the bug actually, but I am providing a hack. Stone me.) Just add something like this line:</p> <pre><code>GRUB_CMDLINE_LINUX_DEFAULT=\"quiet resume=swap:/dev/sda2\"\n</code></pre> <p>to file <code>/etc/default/grub</code>.</p> <p>That't it. It worked for me.</p>","tags":["Debian","Linux","Linux kernel","legacy-blogger"]},{"location":"2010/12/12/2010-12-zfs-pools-surveillance-using-nagios-and/","title":"ZFS pools surveillance using Nagios and NRPE","text":"<p>This was originally posted on blogger here.</p> <p>Just short post: I have found this useful and almost out-of-box working HOWTO. Thanks.</p> <p>(One small issue was that path to zpool binary on FreeBSD is <code>/sbin/zpool</code>, not <code>/usr/sbin/zpool</code>. Trivial change.)</p>","tags":["FreeBSD","ZFS","legacy-blogger"]},{"location":"2011/06/25/2011-06-openindiana-build-148-vmware-esxi-41/","title":"OpenIndiana Build 148 @ VMWare ESXi 4.1","text":"<p>This was originally posted on blogger here.</p> <p>I have been trying to run an OpenIndiana server in a virtualized envrionment (sort of a development and test machine). And I ran into problems, actually into one huge ****ing problem at the very beginning: The OI installer CD image does not boot inside VMWare virtual server when you have more than 4 virtual CPUs set in the virtual machine profile.</p> <p>Easy solution: Set only 2 CPUs and everything works fine. Well, not everything... The Open Indiana ****ing installer freezes in the end instead of restarting the system, but it worked for me after all.</p> <p>My next article: Why do we virtualize? What the **** virtualization brings to our lives and what it takes? And why do we suffer so miserably with commodity servers...?:-)</p>","tags":["OpenIndiana","legacy-blogger"]},{"location":"2011/07/11/2011-07-compiling-dbdmysql-openindiana/","title":"Compiling DBD::mysql @OpenIndiana","text":"<p>This was originally posted on blogger here.</p> <p>I tried to compile DBD::mysql module from CPAN on oi_148 by SunStudio cc using commands:</p> <pre><code>export PATH=\"$PATH:/usr/mysql/5.1/bin/amd64\"\nperl -MCPAN -e shell\ncpan[1]&gt; install DBD::mysql\n</code></pre> <p>I got:</p> <pre><code>cpan[1]&gt; install DBD::mysql\n(...)\nI will use the following settings for compiling and testing:\n\n  cflags        (mysql_config) = -I/usr/mysql/5.1/include/mysql  -xprefetch=auto -xprefetch_level=3 -mt -fns=no -fsimple=1 -xbuiltin=%all -xlibmil -xlibmopt -xnorunpath -m64   -DHAVE_RWLOCK_T -DUNIV_SOLARIS\n  embedded      (mysql_config) =\n  libs          (mysql_config) = -lrt -L/usr/mysql/5.1/lib/amd64/mysql -R/usr/mysql/5.1/lib/amd64/mysql -lmysqlclient -lz -lsocket -lnsl -lm\n  mysql_config  (guessed     ) = mysql_config\n  nocatchstderr (default     ) = 0\n  nofoundrows   (default     ) = 0\n  ssl           (guessed     ) = 0\n  testdb        (default     ) = test\n  testhost      (default     ) =\n  testpassword  (default     ) =\n  testsocket    (default     ) =\n  testuser      (guessed     ) = root\n\nTo change these settings, see 'perl Makefile.PL --help' and\n'perldoc INSTALL'.\n\nChecking if your kit is complete...\nLooks good\nUsing DBI 1.616 (for perl 5.008004 on i86pc-solaris-64int) installed in /usr/perl5/site_perl/5.8.4/i86pc-solaris-64int/auto/DBI/\nWriting Makefile for DBD::mysql\nWriting MYMETA.yml and MYMETA.json\ncp lib/DBD/mysql.pm blib/lib/DBD/mysql.pm\ncp lib/DBD/mysql/GetInfo.pm blib/lib/DBD/mysql/GetInfo.pm\ncp lib/DBD/mysql/INSTALL.pod blib/lib/DBD/mysql/INSTALL.pod\ncp lib/Bundle/DBD/mysql.pm blib/lib/Bundle/DBD/mysql.pm\ncc -c  -I/usr/perl5/site_perl/5.8.4/i86pc-solaris-64int/auto/DBI -I/usr/mysql/5.1/include/mysql  -xprefetch=auto -xprefetch_level=3 -mt -fns=no -fsimple=1 -xbuiltin=%all -xlibmil -xlibmopt -xnorunpath -m64   -DHAVE_RWLOCK_T -DUNIV_SOLARIS -DDBD_MYSQL_INSERT_ID_IS_GOOD -g  -D_LARGEFILE_SOURCE -D_FILE_OFFSET_BITS=64 -D_TS_ERRNO -xO3 -xspace -xildoff   -DVERSION=\\\"4.019\\\" -DXS_VERSION=\\\"4.019\\\" -KPIC \"-I/usr/perl5/5.8.4/lib/i86pc-solaris-64int/CORE\"   dbdimp.c\n/usr/perl5/5.8.4/bin/perl -p -e \"s/~DRIVER~/mysql/g\" /usr/perl5/site_perl/5.8.4/i86pc-solaris-64int/auto/DBI/Driver.xst &gt; mysql.xsi\n/usr/perl5/5.8.4/bin/perl /usr/perl5/5.8.4/lib/ExtUtils/xsubpp  -typemap /usr/perl5/5.8.4/lib/ExtUtils/typemap  mysql.xs &gt; mysql.xsc &amp;&amp; mv mysql.xsc mysql.c\nWarning: duplicate function definition 'do' detected in mysql.xs, line 242\nWarning: duplicate function definition 'rows' detected in mysql.xs, line 749\ncc -c  -I/usr/perl5/site_perl/5.8.4/i86pc-solaris-64int/auto/DBI -I/usr/mysql/5.1/include/mysql  -xprefetch=auto -xprefetch_level=3 -mt -fns=no -fsimple=1 -xbuiltin=%all -xlibmil -xlibmopt -xnorunpath -m64   -DHAVE_RWLOCK_T -DUNIV_SOLARIS -DDBD_MYSQL_INSERT_ID_IS_GOOD -g  -D_LARGEFILE_SOURCE -D_FILE_OFFSET_BITS=64 -D_TS_ERRNO -xO3 -xspace -xildoff   -DVERSION=\\\"4.019\\\" -DXS_VERSION=\\\"4.019\\\" -KPIC \"-I/usr/perl5/5.8.4/lib/i86pc-solaris-64int/CORE\"   mysql.c\n\"mysql.xs\", line 687: warning: implicit function declaration: mysql_st_next_results\n\"mysql.xs\", line 897: warning: implicit function declaration: is_prefix\nRunning Mkbootstrap for DBD::mysql ()\nchmod 644 mysql.bs\nrm -f blib/arch/auto/DBD/mysql/mysql.so\nLD_RUN_PATH=\"/lib:/usr/mysql/5.1/lib/amd64/mysql\" /usr/perl5/5.8.4/bin/perl myld cc  -G dbdimp.o mysql.o  -o blib/arch/auto/DBD/mysql/mysql.so  \\\n           -lrt -L/usr/mysql/5.1/lib/amd64/mysql -R/usr/mysql/5.1/lib/amd64/mysql -lmysqlclient -lz -lsocket -lnsl -lm          \\\n\nld: fatal: file dbdimp.o: wrong ELF class: ELFCLASS64\nld: fatal: file processing errors. No output written to blib/arch/auto/DBD/mysql/mysql.so\nmake: *** [blib/arch/auto/DBD/mysql/mysql.so] Error 1\n  CAPTTOFU/DBD-mysql-4.019.tar.gz\n  /usr/gnu/bin/make -- NOT OK\n'YAML' not installed, will not store persistent state\nRunning make test\n  Can't test without successful make\nRunning make install\n  Make had returned bad status, install seems impossible\nFailed during this command:\n CAPTTOFU/DBD-mysql-4.019.tar.gz              : make NO\n</code></pre> <p>The problem was that I mixed up 64-bit AMD64 MySQL libraries with stock 32-bit Perl binaries. Solution was to omit amd64 from path:</p> <pre><code>export PATH=\"$PATH:/usr/mysql/5.1/bin\"\nperl -MCPAN -e shell\ncpan[1]&gt; install DBD::mysql\n</code></pre>","tags":["CPAN","Perl","OpenIndiana","legacy-blogger"]},{"location":"2010/08/19/2011-07-low-throughput-with-wwwapache22-on/","title":"Low throughput with www/apache22 on FreeBSD 8.1","text":"<p>This was originally posted on blogger here.</p> <p>Few days ago I installed FreeBSD 8.1 and compiled Apache 2.2.15 from port www/apache22. I tried to transfer some files over the internet with rather good connection (100Mbps in the weakest point, but several hops resulting in RTT ~27ms). But I got only 10 \u2013 15Mbps throughput from FreeBSD on hi-end HW. I also tried to install FTP server (ftp/proftpd) but I got the same result. It was not a network issue or a client problem, because I had full speed transfers from another machine in the same network. What the ****?</p> <p>Step one\u2026 Sysctl parameters. The most ****ing evil parameter is net.inet.tcp.inflight.enable. Disable it! Actually I tuned more parameters relevant to TCP/IP stack and kernel internals:</p> <p>/etc/sysctl.conf</p> <pre><code>kern.ipc.maxsockbuf=16777216\nkern.ipc.nmbclusters=32768\nkern.ipc.somaxconn=32768\nkern.maxfiles=65536\nkern.maxfilesperproc=32768\nkern.maxvnodes=800000\nnet.inet.tcp.inflight.enable=0\nnet.inet.udp.maxdgram=57344\nnet.inet.udp.recvspace=65536\nnet.local.stream.recvspace=65536\nnet.inet.tcp.sendbuf_max=16777216\n</code></pre> <p>OK, transfers over FTP were then running at 100Mbps. Fine. But HTTP file transfers were still ****ing slow. Locally it was two times slower than FTP and much more slower over the internet (HTTP: 4-10 Mbps vs. FTP: 100Mbps).</p> <p>Step two... Turning off sendfile(2) in Apache HTTPd.</p> <p>This is also incredibly ****ing option and there is no documentation pointing at it... Even Google does not know what to do when the Apache ****s up on FreeBSD 8.1. Well, I added one single line to /usr/local/etc/apache22/httpd.conf:</p> <pre><code>EnableSendfile off\n</code></pre> <p>And that's it. Both FTP and HTTP are running at full speed.</p>","tags":["UNIX","Apache","FreeBSD","legacy-blogger"]},{"location":"2011/07/12/2011-07-nagios-nrpe-openindiana/","title":"Nagios NRPE @OpenIndiana","text":"<p>This was originally posted on blogger here.</p> <p>I tried to install $title and I have found excellent howto for (Open?)Solaris 10 here: http://www.utahsysadmin.com/2008/03/14/configuring-nagios-plugins-nrpe-on-solaris-10/</p> <p>There is as catch which demonstrates itself by a ****ing compilation error:</p> <pre><code>root@spagetka:/usr/src/nrpe-2.12# make\ncd ./src/; make ; cd ..\nmake[1]: Entering directory `/usr/share/src/nrpe-2.12/src'\ncc -g -I/usr/include/openssl -I/usr/include -DHAVE_CONFIG_H -o nrpe nrpe.c utils.c -L/usr/lib  -lssl -lcrypto -lnsl -lsocket\nnrpe.c:\n\"nrpe.c\", line 616: invalid source character: &lt;0xffffffe2&gt;\n\"nrpe.c\", line 616: invalid source character: &lt;0xffffff80&gt;\n\"nrpe.c\", line 616: invalid source character: &lt;0xffffff9d&gt;\n\"nrpe.c\", line 616: invalid source character: &lt;0xffffffe2&gt;\n\"nrpe.c\", line 616: invalid source character: &lt;0xffffff80&gt;\n\"nrpe.c\", line 616: invalid source character: &lt;0xffffff9d&gt;\n\"nrpe.c\", line 616: undefined symbol: authpriv\n\"nrpe.c\", line 616: warning: improper pointer/integer combination: arg #2\n\"nrpe.c\", line 618: invalid source character: &lt;0xffffffe2&gt;\n\"nrpe.c\", line 618: invalid source character: &lt;0xffffff80&gt;\n\"nrpe.c\", line 618: invalid source character: &lt;0xffffff9d&gt;\n\"nrpe.c\", line 618: invalid source character: &lt;0xffffffe2&gt;\n\"nrpe.c\", line 618: invalid source character: &lt;0xffffff80&gt;\n\"nrpe.c\", line 618: invalid source character: &lt;0xffffff9d&gt;\n\"nrpe.c\", line 618: undefined symbol: ftp\n\"nrpe.c\", line 618: warning: improper pointer/integer combination: arg #2\n\"nrpe.c\", line 1505: warning: initializer will be sign-extended: -1\n\"nrpe.c\", line 1506: warning: initializer will be sign-extended: -1\n\"nrpe.c\", line 1652: warning: initializer will be sign-extended: -1\n\"nrpe.c\", line 1653: warning: initializer will be sign-extended: -1\ncc: acomp failed for nrpe.c\nutils.c:\nmake[1]: *** [nrpe] Error 1\nmake[1]: Leaving directory `/usr/share/src/nrpe-2.12/src'\n\n*** Compile finished ***\n</code></pre> <p>So you have to edit the nrpe.c according to linked howto.</p>","tags":["Nagios","NRPE","OpenIndiana","legacy-blogger"]},{"location":"2011/07/06/2011-07-telling-openindiana-firewall-to-accept/","title":"Telling OpenIndiana firewall to accept my rules","text":"<p>This was originally posted on blogger here.</p> <p>Let's say that I have my own rules:-) For firewall of course. And I want them to be set to kernel instead of automatically generated rules by services, FEA, or whatever.</p> <p>Then I have to prepare rules into files: /etc/ipf/ipf.conf (rules for IPv4) and /etc/ipf/ipf6.conf (for IPv6).</p> <p>For example it can be something like this:</p> <p>/etc/ipf/ipf.conf:</p> <pre><code>#################### top section #####################\nblock in all\npass in quick on lo0 all\n#################### end of top section #####################\n\n# special rules here\n\n########################## default policy ################################\n\npass out all keep state\npass out proto icmp all\n\npass in proto tcp from any to any port = ssh keep state\n\n# Munin &amp; Nagios\npass in proto tcp from any to any port = 4949 keep state\npass in proto tcp from any to any port = 5666 keep state\n\npass in proto icmp all\n\n# Traceroute\npass in proto udp from any to any port 33433 &gt;&lt; 33626 keep state\n</code></pre> <p>/etc/ipf/ipf6.conf:</p> <pre><code>#################### top section #####################\nblock in log all\npass in quick on lo0 all\npass out all keep state\npass out proto ipv6-icmp all\n#################### end of top section #####################\n\npass in proto tcp from any to any port = ssh keep state\npass in proto ipv6-icmp all\npass in proto udp from any to any port 33433 &gt;&lt; 33626 keep state\n</code></pre> <p>Then you have to change service parametes to accept the files:</p> <pre><code>svccfg -s network/ipfilter:default setprop firewall_config_default/policy = astring: custom\nsvccfg -s network/ipfilter:default setprop firewall_config_default/custom_policy_file = astring: \"/etc/ipf/ipf.conf\"\nsvcadm refresh network/ipfilter\n</code></pre> <p>or:</p> <pre><code>svcadm enable network/ipfilter\n</code></pre> <p>And finaly verify that rules are present:</p> <pre><code>ipfstat -nio\nipfstat -nio6\n</code></pre>","tags":["filrewall","OpenIndiana","legacy-blogger"]},{"location":"2011/08/27/2011-08-test-driven/","title":"Test driven service operation vs. Nagios et al.","text":"<p>This was originally posted on blogger here.</p> <p>I am constantly thinking about network and server outages handling. This was my focus few years ago, I worked as an admin/op in a small hosting company and I was bombarded by SMSes from our home-brewed server/service monitoring system written in Perl. The system has bunch of drawbacks so we decided to replace it by Nagios (3 dot something). It has drawbacks as well, and I would say that even more serious in some cases.</p> <p>I was responsible for the Nagios migration but I am not an op anymore so I have less experience with that. From my point of view, being aware of my limited insight, I can describe some drawbacks in Nagios 3 (= Nagios Core, simply the OSS version you get when apt-get install Nagios3 on top of Debian...).</p> <p>The first one and probably the most severe: The configuration is complicated by nature. In addition Debian forces/strongly suggest some ideas about how you should write the config files. And when you try to do so, you have to read manual which does not give answers to all questions. For example: Are multiple parents in dependency tree of hosts/services in AND, OR or whatever relation? You can find lots of small questions and eventually Google some answers, dig into documentation or whatever, but it takes time. Anyway, writing Nagios configs takes time and one should ask himself: Why? Of course you can use Swiss-made NConf to convert writing config into clicking configs in web interface, but it is not a real improvement. Why can't it be automatic? Let's say the system can auto-discover hosts and test-run all yet-know service tests. If some of tests results to OK, it can suggest that test. It should be able to clone hosts, categorize hosts, make exceptions etc. but on the other hand I prefer text config files over some sophisticated database schema...</p> <p>The another thing is that sending alarms should be smarter than only triggering scripts like send mail to contacts and send messages to pagers or cell phones in modern days. Well, I like the idea of master alarm. I would like to have a possibility to set some alarms as not crucial for business/system operation and have them listed in web interface/reports and alarmed by less aggressive way to ops. I would like to have a possibility to have some threshold for sounding master alarm and then sending this master alarm (once or N-times but not overflowing ops with hundreds of different and probably correlated errors). And I would like to have a permissive and easy to use system, not a system which does not allow to acknowledge all reported errors and when not acknowledged, it bothers by SMSes over and over. I would like the system to accept my input and respect what I want or want not to save, not like Nagios-&gt;Acknowledge-&gt;Error: You have to write a comment. Wtf.? I have major network problem, I want to investigate what is going on and not writing stupid comments, especially in situation I do not know what to say, I just want to stop SMSes from bothering me.</p> <p>I would like to have a monitoring cluster, able to monitor network/servers/services from more locations and give me a overall report. I would like to have a possibility to write own triggers on errors/warnings, to report more complex situations. Let's say that I have a cluster of 10 servers with loadbalancing and I know that 5 servers would be sufficient. I would make sense not to send alarm during nighttime when one of these 10 servers went down. But it make sense to send alarm if only 6 or less servers remains operational. Event more complex situations could be described and it would be nice to set this triggers easily.</p> <p>And I would like to have a overview on my system. I want to see what is going on, what happened in past and write afterwards how did I solved the problem to have op's log and tip for next time.</p> <p>I think that technically it should be relatively easy to run few thousands of test each minute on a decent Intel server. Not speaking about parallelization. Then it comes an idea: We have a paradigm/style/philosophy of test driven development. Why not to have a test driven system operation? I think there are two \"contras\": ComplexNess of configuration and complications with data acquisition and interpretation - i.e. people fears that it would be more complicated to answer a question \"what is broken?\". But I believe that both \"con's\" a only drawbacks of current software. Discussion will be appreciated.</p>","tags":["UNIX","Debian","test-driven operation","monitoring","legacy-blogger"]},{"location":"2011/09/08/2011-09-build-environment-for-openindiana/","title":"Build environment for OpenIndiana","text":"<p>This was originally posted on blogger here.</p> <p>Just a quick post - I wanted to build few things like Nagios NRPE, few Perl modules with C bindings etc. So I needed to install toolchain, compiler (rather Sun Studio than gcc) etc.</p> <p>The easy way is:</p> <pre><code>pkg install SUNWcvs SUNWsvn SUNWarc SUNWj6dmo SUNWj6dev SUNWj6dmx SUNWj6dvx \\\nSUNWj6cfg SUNWj6rtx SUNWj6man SUNWgnu-automake-19 SUNWgnu-automake-110 SUNWaconf \\\nSUNWmercurial SUNWlibtool ss-dev SUNWsfwhea SUNWhea SUNWxwinc SUNWxorg-headers \\\nSUNWi2cs SUNWgpch SUNWgnome-common-devel SUNWgmake SUNWbison SUNWflexlex\n\npkg install SUNWcvs SUNWsvn SUNWarc SUNWj6dmo SUNWj6dev SUNWj6dmx SUNWj6dvx \\\nSUNWj6cfg SUNWj6rtx SUNWj6man SUNWgnu-automake-19 SUNWgnu-automake-110 SUNWaconf \\\nSUNWmercurial SUNWlibtool ss-dev SUNWsfwhea SUNWhea SUNWxorg-headers SUNWi2cs \\\nSUNWgpch SUNWgnome-common-devel SUNWgmake SUNWbison SUNWflexlex\n\npkg install developer/sunstudio12u1\n</code></pre>","tags":["UNIX","OpenIndiana","legacy-blogger"]},{"location":"2011/09/27/2011-09-hpacucli-error-no-controllers-detected/","title":"hpacucli: Error: No controllers detected. with hpsa and SmartArray P410i","text":"<p>This was originally posted on blogger here.</p> <p>I have encountered a ****ing weird problem with hpacucli (HP utility for their RAID controllers) on ProLiant DL360 G7 or whatever. The controller was HP SmartArray P410i and the problem was simple:</p> <pre><code>root@XYZ:~# hpacucli\nHP Array Configuration Utility CLI 8.70-8.0\nDetecting Controllers...Done.\nType \"help\" for a list of supported commands.\nType \"exit\" to close the console.\n\n=&gt; ctrl all show\n\nError: No controllers detected.\n</code></pre> <p>The solution is: Load the sg driver and that's it:</p> <pre><code>root@XYZ:~# modprobe sg\nroot@XYZ:~# hpacucli\nHP Array Configuration Utility CLI 8.70-8.0\nDetecting Controllers...Done.\nType \"help\" for a list of supported commands.\nType \"exit\" to close the console.\n\n=&gt; ctrl all show\n\nSmart Array P410i in Slot 0 (Embedded)    (sn: 500143801630C980)\n</code></pre>","tags":["Debian","HW","legacy-blogger"]},{"location":"2011/09/27/2011-09-hpacucli-error-no-controllers-detected/#3-comments-captured-from-original-post-on-blogger","title":"3 comments captured from original post on Blogger","text":"<p>Unknown said on 2011-11-17</p> <p>Thanks for the post...this got me going. Really appreciate you sharing this.</p> <p>Sebastian Mu\u00f1iz said on 2012-07-20</p> <p>Adding more information to the same stupid error: If you are using kernel 3.x series, hpacucli will still say <code># /usr/sbin/hpacucli ctrl all show config</code> <code>Error: No controllers detected.</code> even with sg loaded.</p> <p>Some caritative sould has written a wrapper called \"uname-26\". Download compile and voil\u00e1</p> <pre><code>root@agrohost:/usr/src/uname-26# ./uname26 /usr/sbin/hpacucli ctrl all show config\n\nSmart Array P410i in Slot 0 (Embedded)    (sn: 50014380086260C0)\n\n   array A (SATA, Unused Space: 0 MB)\n\n\n      logicaldrive 1 (465.7 GB, RAID 1, OK)\n\n      physicaldrive 1I:1:1 (port 1I:box 1:bay 1, SATA, 500 GB, OK)\n      physicaldrive 1I:1:2 (port 1I:box 1:bay 2, SATA, 500 GB, OK)\n\n   SEP (Vendor ID PMCSIERA, Model  SRC 8x6G) 250 (WWID: 50014380086260CF)\n</code></pre> <p>Tomas Hlavacek said on 2013-01-13</p> <p>Thank you very much Sebastian! I have also hit this bug. It is insane that HP utilities rely on the string \"2.6\" and it does not work with 3.x kernels. Really I do not follow but I think they are amateurs and their HW and eventual Linux support is crap.</p> <p>It is worse than ever with buggy Broadcom NICs. I had problems with multicast@NeXtreme 2 (BCM5709) and I was unable to solve it. Finally I decided to use different server from a different a better vendor with Intel 82576 and it works out of box.</p>","tags":["Debian","HW","legacy-blogger"]},{"location":"2011/09/18/2011-09-moose-postmodern-thing-in-perl-or/","title":"Moose (a postmodern thing in Perl, or whatever) and circular reference+inheritence","text":"<p>This was originally posted on blogger here.</p> <p>Now speaking of Moose, the postmodern object system in Perl 5, taken from Perl 6, chewed, digested and... Whatever:-) Let's assume I have a class Animal like that:</p> <pre><code>package Animal;\nuse Moose;\nuse Animal::Dog;\nuse Animal::Cat;\n\nhas 'type' =&gt; (is=&gt;'ro', isa=&gt;'Str');\n\nsub make_noise { print \"Making noise.\"; }\n\nsub specify {\n  my $self = shift;\n\n  return Animal::Dog-&gt;new({type=&gt;$self-&gt;type()}) if($self-&gt;type() eq 'dog');\n  return Animal::Cat-&gt;new({type=&gt;$self-&gt;type()}) if($self-&gt;type() eq 'cat');\n  return $self;\n}\n</code></pre> <p>And two subclasses:</p> <pre><code>package Animal::Dog;\nuse Moose;\nextends 'Animal';\n\noverride 'make_noise' =&gt; sub { print \"Wuf!\"; }\n\n\n\npackage Animal::Cat;\nuse Moose;\nextends 'Animal';\n\noverride 'make_noise' =&gt; sub { print \"Meow!\"; }\n</code></pre> <p>It simply does not work. You will get some ****ing strange message that the first override in the Animal::Cat failed (TODO: Add here the real message...) and I can understand why: In order to compile the Animal class it has to use (=load and compile) the Animal::Dog and Animal::Cat.</p> <p>Any way around it? To use something like Factory design pattern known from Java. But, does it really mean I can not use any subclass in a superclass with Moose? Is it a feature or a bug?:-)</p>","tags":["Perl Moose OOP","legacy-blogger"]},{"location":"2012/04/12/2012-04-buggy-xfce-xkb-applet-looses-keyboard/","title":"Buggy Xfce xkb applet looses keyboard layout config","text":"<p>This was originally posted on blogger here.</p> <p>I have been hit by a nasty Xfce xkb applet bug, which is widely known in several bloody bugzillas (of RH/CentOS, Ubuntu, Debian,...) but it seems unresolved yet. The backround of the bug is, that the applet looses it's configuration, especially configured keyboard layouts and shortcut for switching them while for while which may seem to be random or it may seem to have some coincidence with suspending/wakeups of the computer. Well it is not random, it resolves to connections and disconnections of external (or even internal) USB keyboard, which may of course be triggered by suspend/wakeup.</p> <p>So it seems I have the reason isolated. Now what is the solution? Well the applet is part of so-called Xfce-goodies, which is sort of external project. I did not find corresponding bugzilla nor some mailinglist etc. But I think that author is perhaps aware of this behavior, so there is no need to shout at him. But I needed the workaround and I think I have found one. It is simple and it is Linux-like: Just configure all your keyboards in xorg.xonf file in InputClass section and then use the applet as an indicator and switcher.</p> <p>I am using following snippet of xorg.conf on my ThinkPad X301 which I am connecting and disconnecting to a USB keyboard:</p> <pre><code>Section \"InputClass\"\n    Identifier \"keyboard defaults\"\n    MatchIsKeyboard \"on\"\n    Option \"XkbLayout\" \"us, cz\"\n    Option \"XkbVariant\" \", qwerty_bksl\"\n    Option \"XKbOptions\" \"grp:alt_shift_toggle, terminate:ctrl_alt_bksp\"\nEndSection\n</code></pre>","tags":["Debian","Linux","desktop","legacy-blogger"]},{"location":"2012/04/12/2012-04-desktop-hell/","title":"Desktop hell","text":"<p>This was originally posted on blogger here.</p> <p>Well after some time I am back with my reckless criticism of insane (but OpenSource) desktops. Basically what can you choose when you want a Linux desktop? Well, of course plenty of things but when you need getting things done and you do not want to play with own xrandr, xkb, xinput\u00a0scripting or with printing, keybindings for multimedia keys etc. you would probably need some desktop environment. And there are quite a lot of such projects (look at Wikipedia). KDE. Gnome3. Xfce, LXDE, Unity to name some.  Well what you can find is that there is a huge hare-core of Gnome3 and Unity. People just hate them because these desktops are everything but useful and intuitive. The both are resembling some of iPad madness and with Unity there are rumors on the web that it is actually designed for tablet computers and its usage on desktop is some sort of side-effect of development in the meantime when Canonical (author of Unity &amp; Ubuntu) is negotiating deals with tablet manufacturers. Pity. In fact these desktops forces you to do things by their ways (different from what we all are used to from previous generations of desktops starting from Win 3.11 up to Gnome 2.32) and they are putting obstacles between you and your productivity apps. And I concur with all these objections against particularly these two desktops.  There is of course KDE. KDE is way long from what is my idea of a decent desktop. I like some aspects of it but it lacks what I need - really fast desktop (with or rather without eye-candy but really fast!), easy-to used virtual desktops, app panel and good application switcher and support for docking/undocking (which means changing screen resolution, switching on/off the LVDS etc. It takes me to the remaining Xfce.  But current stable Xfce (on Debian Wheezy) to be specific is fare from being easy to use. I had to tweak it deeply to become usable. I had 4 most severe problems I had to cope with. NetworkManager (+ NM Applet) was unable to connect to set network. (Solved). There are nasty sounds in different applications set. The most annoying are terminal bell in gnome-terminal and gdm3 greeter sound (turned off easily). Two problems are more complicated and I am still working on them. First is Xfce\u00a0xkb applet which looses it's configuration (I mean set layouts, layout-switcher keyboard shortcut etc.) each and every time you connect or disconnect USB keyboard. Which effectively means it looses the configuration each time you dock or undock your laptop. And the last problem is automatic switching of desktop resolution and putting LVDS to on/off state according to presence of another screen connected via Display Port. I have done some scripting workarounds to switch this semi-automatically but I am not proud of it at all.  Next time I am going to put here mentioned Debian tweaks for the two already-solved problems on my Debian Wheezy + Xfce desktop.</p>","tags":["Debian","Linux","Xfce","desktop","legacy-blogger"]},{"location":"2012/12/30/2012-12-openwrt-insanity-shame-and-ignorancy/","title":"OpenWRT insanity, shame and ignorancy","text":"<p>This was originally posted on blogger here.</p> <p>I have been hit by a idiotic, unreasonable, insane and stupid setting in OpenWRT:</p> <p>/etc/sysctl.conf:</p> <pre><code>net.ipv4.netfilter.ip_conntrack_tcp_timeout_established=3600\n</code></pre> <p>Well what does it mean? Simple thing: Every long-lasting connections breaks after one hour. No matter whether I have TCP keepalive on, because TCP keepalive timeout defaults to 7200 seconds.</p> <p>In practice you will see this:</p> <pre><code>brill@tapir ~ $ ssh milhouse.backbone.ignum.cz\nLinux milhouse 2.6.32-5-amd64 #1 SMP Wed May 18 23:13:22 UTC 2011 x86_64\n\nKeep keep your hands off this server!\nNikdo tu na nic nesahejte!\n\nLast login: Sun Dec 30 00:46:47 2012 from 89.177.24.237\n</code></pre> <pre><code>&lt;no activity for more than 1 hour&gt;\nbrill@milhouse:~$ Write failed: Broken pipe\n\nbrill@tapir ~ $\n</code></pre> <p>There was a flame on this topic on OpenWRT forum:</p> <p>https://dev.openwrt.org/ticket/5777</p> <p>And the result is: invalid, wontfix, ****yourself.</p> <p>Mother****ers. They break everything. God... You can sacrifice filesystem, give up serial port, GPIO, LED diodes, whatever, but keep firewall working normally when you are building network appliance you idiots!</p>","tags":["Linux","HW","Networking","legacy-blogger"]},{"location":"2013/01/09/2013-01-shameful-spyware-in-smooth-gestures/","title":"Shameful spyware in Smooth Gestures","text":"<p>This was originally posted on blogger here.</p> <p>Once again there was an ugly shameful and disgusting breach of what modern computing with OSS stands for. The Smooth Gestures extension to Chromium / Google Chrome was mucked with spyware which reports all the browsing actions to the creator of the extension.  Look here:\u00a0http://codeonfire.cthru.biz/?p=96  I personally used the extension so I was a bit upset when it disappeared from Chrome Market but a bit of googling was enough to wake up. It said: What the ****?!  Anyway I hunted for some replacement which wasn't that easy... But I have found one: Recognize it for Chrome -\u00a0https://chrome.google.com/webstore/detail/recognize-it-for-chrome/bclaagbljldlbmihblajinlijckggkea </p>","tags":["desktop","legacy-blogger"]},{"location":"2013/01/09/2013-01-shameful-spyware-in-smooth-gestures/#1-comments-captured-from-original-post-on-blogger","title":"1 comments captured from original post on Blogger","text":"<p>mwj said on 2014-01-21</p> <p>thanks - i hated SG's adware - thanks for the replacement tip!</p>","tags":["desktop","legacy-blogger"]},{"location":"2013/05/30/2013-05-usb-device-id-0bdb1926-ericsson/","title":"USB device ID 0bdb:1926 Ericsson Business Mobile Networks BV stopped working after update Linux Mint 14 to 15","text":"<p>This was originally posted on blogger here.</p> <p>I tried to upgrade Linux Mint on my laptop from Linux Mint 14 (Nadia) to 15 (Olivia). And suddenly GSM/3G modem that I am using to connect to one Czech mobile ISP stopped working.</p> <p>The problem was that the connecting to the network timed out each time. And there was no apparent reason in <code>/var/log/syslog</code> apart from that DHCP did not received a reply from the ISP:</p> <pre><code>May 26 02:31:58 tapir modem-manager[13636]:   (ttyACM2) opening serial port...\nMay 26 02:31:58 tapir modem-manager[13636]:   (ttyACM1): using PDU mode for SMS\nMay 26 02:31:58 tapir modem-manager[13636]:   Modem /org/freedesktop/ModemManager/Modems/0: state changed (enabling -&gt; enabled)\nMay 26 02:31:58 tapir NetworkManager[13638]:  WWAN now enabled by management service\nMay 26 02:31:59 tapir modem-manager[13636]:   Modem /org/freedesktop/ModemManager/Modems/0: state changed (enabled -&gt; searching)\nMay 26 02:32:02 tapir modem-manager[13636]:   Modem /org/freedesktop/ModemManager/Modems/0: state changed (searching -&gt; registered)\nMay 26 02:32:42 tapir NetworkManager[13638]:  Activation (wwan0) starting connection 'T-Mobile Default'\nMay 26 02:32:42 tapir NetworkManager[13638]:  (wwan0): device state change: disconnected -&gt; prepare (reason 'none') [30 40 0]\nMay 26 02:32:42 tapir NetworkManager[13638]:  Activation (wwan0) Stage 1 of 5 (Device Prepare) scheduled...\nMay 26 02:32:42 tapir NetworkManager[13638]:  Activation (wwan0) Stage 1 of 5 (Device Prepare) started...\nMay 26 02:32:42 tapir NetworkManager[13638]:  Activation (wwan0) Stage 1 of 5 (Device Prepare) complete.\nMay 26 02:32:42 tapir modem-manager[13636]:   Modem /org/freedesktop/ModemManager/Modems/0: state changed (registered -&gt; connecting)\nMay 26 02:32:44 tapir modem-manager[13636]:   Modem /org/freedesktop/ModemManager/Modems/0: state changed (connecting -&gt; connected)\nMay 26 02:32:44 tapir NetworkManager[13638]:  Activation (wwan0) Stage 2 of 5 (Device Configure) scheduled...\nMay 26 02:32:44 tapir NetworkManager[13638]:  Activation (wwan0) Stage 2 of 5 (Device Configure) starting...\nMay 26 02:32:44 tapir NetworkManager[13638]:  (wwan0): device state change: prepare -&gt; config (reason 'none') [40 50 0]\nMay 26 02:32:44 tapir NetworkManager[13638]:  (wwan0): bringing up device.\nMay 26 02:32:44 tapir NetworkManager[13638]:  Activation (wwan0) Stage 2 of 5 (Device Configure) successful.\nMay 26 02:32:44 tapir NetworkManager[13638]:  Activation (wwan0) Stage 3 of 5 (IP Configure Start) scheduled.\nMay 26 02:32:44 tapir NetworkManager[13638]:  Activation (wwan0) Stage 2 of 5 (Device Configure) complete.\nMay 26 02:32:44 tapir avahi-daemon[657]: Joining mDNS multicast group on interface wwan0.IPv6 with address fe80::dcc9:44ff:fe89:56fc.\nMay 26 02:32:44 tapir avahi-daemon[657]: New relevant interface wwan0.IPv6 for mDNS.\nMay 26 02:32:44 tapir avahi-daemon[657]: Registering new address record for fe80::dcc9:44ff:fe89:56fc on wwan0.*.\nMay 26 02:32:44 tapir NetworkManager[13638]:  Activation (wwan0) Stage 3 of 5 (IP Configure Start) started...\nMay 26 02:32:44 tapir NetworkManager[13638]:  (wwan0): device state change: config -&gt; ip-config (reason 'none') [50 70 0]\nMay 26 02:32:44 tapir NetworkManager[13638]:  Activation (wwan0) Beginning DHCPv4 transaction (timeout in 45 seconds)\nMay 26 02:32:44 tapir NetworkManager[13638]:  dhclient started with pid 13689\nMay 26 02:32:44 tapir NetworkManager[13638]:  Activation (wwan0) Stage 4 of 5 (IPv6 Configure Timeout) scheduled...\nMay 26 02:32:44 tapir NetworkManager[13638]:  Activation (wwan0) Stage 3 of 5 (IP Configure Start) complete.\nMay 26 02:32:44 tapir NetworkManager[13638]:  Activation (wwan0) Stage 4 of 5 (IPv6 Configure Timeout) started...\nMay 26 02:32:44 tapir NetworkManager[13638]:  Activation (wwan0) Stage 4 of 5 (IPv6 Configure Timeout) complete.\nMay 26 02:32:44 tapir dhclient: Internet Systems Consortium DHCP Client 4.2.4\nMay 26 02:32:44 tapir dhclient: Copyright 2004-2012 Internet Systems Consortium.\nMay 26 02:32:44 tapir dhclient: All rights reserved.\nMay 26 02:32:44 tapir dhclient: For info, please visit https://www.isc.org/software/dhcp/\nMay 26 02:32:44 tapir dhclient:\nMay 26 02:32:44 tapir NetworkManager[13638]:  (wwan0): DHCPv4 state changed nbi -&gt; preinit\nMay 26 02:32:44 tapir dhclient: Listening on LPF/wwan0/de:c9:44:89:56:fc\nMay 26 02:32:44 tapir dhclient: Sending on   LPF/wwan0/de:c9:44:89:56:fc\nMay 26 02:32:44 tapir dhclient: Sending on   Socket/fallback\nMay 26 02:32:44 tapir dhclient: DHCPDISCOVER on wwan0 to 255.255.255.255 port 67 interval 3 (xid=0x40900a61)\nMay 26 02:32:47 tapir dhclient: DHCPDISCOVER on wwan0 to 255.255.255.255 port 67 interval 8 (xid=0x40900a61)\nMay 26 02:32:55 tapir dhclient: DHCPDISCOVER on wwan0 to 255.255.255.255 port 67 interval 13 (xid=0x40900a61)\nay 26 02:33:08 tapir dhclient: DHCPDISCOVER on wwan0 to 255.255.255.255 port 67 interval 7 (xid=0x40900a61)\nMay 26 02:33:15 tapir dhclient: DHCPDISCOVER on wwan0 to 255.255.255.255 port 67 interval 13 (xid=0x40900a61)\nMay 26 02:33:28 tapir dhclient: DHCPDISCOVER on wwan0 to 255.255.255.255 port 67 interval 20 (xid=0x40900a61)\nMay 26 02:33:29 tapir NetworkManager[13638]:  (wwan0): DHCPv4 request timed out.\nMay 26 02:33:29 tapir NetworkManager[13638]:  (wwan0): canceled DHCP transaction, DHCP client pid 13689\nMay 26 02:33:29 tapir NetworkManager[13638]:  Activation (wwan0) Stage 4 of 5 (IPv4 Configure Timeout) scheduled...\nMay 26 02:33:29 tapir NetworkManager[13638]:  Activation (wwan0) Stage 4 of 5 (IPv4 Configure Timeout) started...\nMay 26 02:33:29 tapir NetworkManager[13638]:  (wwan0): device state change: ip-config -&gt; failed (reason 'ip-config-unavailable') [70 120 5]\nMay 26 02:33:29 tapir NetworkManager[13638]:  Activation (wwan0) failed for connection 'T-Mobile Default'\nMay 26 02:33:29 tapir NetworkManager[13638]:  Activation (wwan0) Stage 4 of 5 (IPv4 Configure Timeout) complete.\nMay 26 02:33:29 tapir modem-manager[13636]:   Modem /org/freedesktop/ModemManager/Modems/0: state changed (connected -&gt; disconnecting)\nMay 26 02:33:29 tapir NetworkManager[13638]:  (wwan0): device state change: failed -&gt; disconnected (reason 'none') [120 30 0]\nMay 26 02:33:29 tapir NetworkManager[13638]:  (wwan0): deactivating device (reason 'none') [0]\nMay 26 02:33:29 tapir avahi-daemon[657]: Interface wwan0.IPv6 no longer relevant for mDNS.\nMay 26 02:33:29 tapir avahi-daemon[657]: Leaving mDNS multicast group on interface wwan0.IPv6 with address fe80::dcc9:44ff:fe89:56fc.\nMay 26 02:33:29 tapir avahi-daemon[657]: Withdrawing address record for fe80::dcc9:44ff:fe89:56fc on wwan0.\nMay 26 02:33:29 tapir modem-manager[13636]:   Modem /org/freedesktop/ModemManager/Modems/0: state changed (disconnecting -&gt; registered)\n</code></pre> <p>WTF?! I have asked myself?</p> <p>After some time spent with the change-logs, debugging and asking google I have found this: https://bugs.launchpad.net/ubuntu/+source/network-manager/+bug/1172178</p> <p>So it seems there is another pile of code in Linux kernel that aims to standardize some drivers and set common APIs, but it breaks things in meantime. Why it is always me who have to suffer this?:-)</p> <p>Advice from Oleg Cherkasov at the end of the ticket worked for me. Thanks!</p>","tags":["Linux kernel","Linux Mint","legacy-blogger"]},{"location":"2013/10/12/2013-10-flaw-in-common-network-design-pattern/","title":"Flaw in common network design pattern (or in understanding how to use it)?","text":"<p>This was originally posted on blogger here.</p> <p>There is an old and not-so-clever network design pattern like this:</p> <p></p> <p>I know this from CCN(A|P) but I have no idea who invented it. Cisco perhaps. Idea is to use IGP, nowadays it is naturally OSPF in most cases, for resolution of the L3 path towards a subnet in question. The subnet itself is terminated on a gateway. Two different gateways to be accurate. One acts as a default gateway, which means that it is active router in HSRP, so it holds \"virtual\" IP address as well as MAC address of the default gateway. It is the address that hosts in the subnet uses in their routing tables and subsequently in their ARP tables.  So far so good. Everything is up and running, one gateway is active, another one passive, both routers are redistributing connected routes to OSPF and both are able to deliver traffic from L3 networks towards clients in the L2 subnet in question.  But wait a moment... How do L3 switches know where to send the traffic over L2? Yes, routing table and ARP resolution. By default the ARP table records timeout is 4 hrs, right?  And how do L2 switches know the port to forward traffic? MAC address table (or switching table, depends on terminology). Timeout for MAC address table? 5 mins.  So what does the passive switch do when no traffic from hosts hits this switch, because it does not have active default GW address and nobody wants to communicate over L2 to it's \"real IP\". Well, obviously the MAC address table cleans out after a while but ARP records stays much much longer (and ARP records are refreshed when some traffic arrives and the L3 switch does not have proper ARP table records).  But... When there is no MAC address table record for the particular MAC on the standby L3 switch, the switch just broadcasts the traffic for that MAC to all ports. And it multiplies in the network further because in case you have prevailing vertical flows in your network it is likely that any other L2 switch in the chain does not know the MAC address either. Except the one which has the destination host connected. So it means you might have huge multiplication of useless traffic if your L3 switch attracts some traffic in OSPF for any subnet which it is standby for it's gateway.  It might several megs or even tens or hundred megs of constant scattered traffic in real life scenario in 1 Gig network.  And what to do to avoid this? Think of the design pattern... Set higher OSPF costs for redistributed routes on the standby router. Simple but effective, huh?</p>","tags":["Networking","legacy-blogger"]},{"location":"2014/05/08/2014-05-smokeping-slavery-madness/","title":"Smokeping s\\*\\*\\*\\*\\*y madness","text":"<p>This was originally posted on blogger here.</p> <p>So once again I have been hit by an insane portion of weird, flawed and inherently unreliable design in Smokeping.</p> <p>What the **** is Smokeping? Well, it is an utility for measuring and graphing latency in network. It should be pretty straight-forward to use. You configure IP addresses and names of boxes to monitor and that't it? Well, not so fast... It is a bit poxy because it is Perl after all. You need some modules, you need to have multiple configuration files, you have to configure probes, bind them to targets, modify arguments for probes in target configs etc. There is quite a lot of how-to's for this and in fact it works almost out of box on most distributions.</p> <p>But... The Smokeping beast has also a slave mode. Which means: You have one master that holds configurations and it performs measurements and it generate graphs, everything is the same as in standalone mode. But it also commands slaves to perform the same measurements and report results so the master saves the results to .rrd files and it create graphs.</p> <p>This communication with slaves is performed by CGI in the Smokeping webroot. And here comes the problem: Privileges.</p> <p>When Smokeping runs as a daemon it is executed under smokeping user, at least on Debian. So all files that it stores (on Debian usually these files end up in <code>/var/lib/smokeping</code>) have <code>smokeping:smokeping</code> user and group and privileges <code>644</code>. That works for daemon to store data and for CGIs to read them.</p> <p>But if you need CGIs to store data from slaves, it is not enough. The Smokeping (daemon perhaps?) creates proper .rrd files for the remote measurements from slaves, but these files are updated, so no data in are being displayed in graphs.</p> <p>Solution:</p> <pre><code>chmod -R g+w /var/lib/smokeping\n</code></pre>","tags":["Linux","Networking","legacy-blogger"]},{"location":"2014/12/11/2014-12-debians-driver-for-intel-gpus-is--/","title":"Debian's driver for Intel GPUs is s***","text":"<p>This was originally posted on blogger here.</p> <p>After a few years spent with Ubuntu and Linux Mint I decided to give Debian Jessie a try this week. And I have to admit that I also wanted to see systemd in action just to assess it myself and see whether it has some potential to do something good or otherwise.</p> <p>But the Debian Jessie with either Cinnamon or Mate desktop was unusable on my ThinkPad X301. The graphics was sluggish. Even video playback in VLC was apparently loosing one third of frames even in lower quality movies. The mouse wheel on external USB mouse was lagging. Keyboard has visible lag behind key press and the letter being inserted to terminal/text editor/whatever. The experience was really horrible. Wtf?</p> <p>Well, I suspected the Cinnamon desktop that I installed in the first place. I thought that it might eat up CPU and put too much strain on GPU. This assumption proved wrong. So the problem was apparently somwhere in XOrg. Sluggish video and lagging inputs worried me because how one problem could possibly cause that. Well, it is possible in the XOrg because one driver can slow down the whole thing and cause problems even in other subsystems.</p> <p>After a few hours tuning this and that I checked the version of the Intel driver and... Well, the driver is old deprecated ***. And it is present in all current Debian versions (stable... that's a joke:-) ), testing (which is freezed so it is going to be \"stable\", LOL), and unstable (at least the name suggest that it does not work properly, which is completely true).</p> <p>This blog post explains everything: http://blogs.fsfe.org/the_unconventional/2014/11/12/debian-x-drivers/</p> <p>Just for reference: That's what I have.</p> <pre><code>00:02.0 VGA compatible controller: Intel Corporation Mobile 4 Series Chipset Integrated Graphics Controller (rev 07) (prog-if 00 [VGA controller])\n Subsystem: Lenovo Device 20e4\n Flags: bus master, fast devsel, latency 0, IRQ 47\n Memory at f0000000 (64-bit, non-prefetchable) [size=4M]\n Memory at d0000000 (64-bit, prefetchable) [size=256M]\n I/O ports at 1800 [size=8]\n Expansion ROM at  [disabled]\n Capabilities: [90] MSI: Enable+ Count=1/1 Maskable- 64bit-\n Capabilities: [d0] Power Management version 3\n Kernel driver in use: i915\n</code></pre> <p>And my solution was:</p> <pre><code>echo \"deb http://ftp.debian.org/debian experimental main\" &gt;&gt; /etc/apt/sources.list\napt-get update\napt-get -t experimental install xserver-xorg-video-intel\n</code></pre>","tags":["Debian","Linux","legacy-blogger"]},{"location":"2014/12/10/2014-12-openhantek-udev-rulez/","title":"OpenHantek udev rulez","text":"<p>This was originally posted on blogger here.</p> <p>I have a small and cheap Hantek DSO-2090 USB oscilloscope... And, well, the HW is old, cheap Chinese box that looks extremely ugly. I have not enough bravery to look inside but I do not hope for anything good. But it was cheap enough and when I was moving I really needed to get rid of my old Russian 15 kg, 0.5 cubic meter CRT oscilloscope so I decided to buy this one. It was conscious choice and it works for me pretty well since I am doing only basic electronic measurements here.</p> <p>But I migrated to a newer Debian system so I had to rebuild my OpenHantek SW, which was pretty painless. Many thanks to the author of this blog post: http://verahill.blogspot.cz/2012/12/298-hantek-dso-2250-usb-with-openhantek.html</p> <p>But there were still a problem with udev that failed to change group and access rights to the /dev/bus/usb/... file, so I was unable to use OpenHantek as an ordinary user. The solution is obvious, the old udev rule file used SYSFS instead of ATTR. This is my working version:</p> <pre><code># Hantek DSO-2090\nSUBSYSTEM==\"usb\", ACTION==\"add\", ENV{DEVTYPE}==\"usb_device\", ENV{PRODUCT}==\"4b4/2090/*\", RUN+=\"/sbin/fxload -t fx2 -I /usr/local/share/hantek/dso2090-firmware.hex -s /usr/local/share/hantek/dso2090-loader.hex -D $env{DEVNAME}\"\nATTR{idVendor}==\"04b5\", ATTR{idProduct}==\"2090\", MODE=\"0660\", GROUP=\"plugdev\"\n\n# Hantek DSO-2100\nSUBSYSTEM==\"usb\", ACTION==\"add\", ENV{DEVTYPE}==\"usb_device\", ENV{PRODUCT}==\"547/1006/*\", RUN+=\"/sbin/fxload -t an21 -I /usr/local/share/hantek/dso2100-firmware.hex -s /usr/local/share/hantek/dso2100-loader.hex -D $env{DEVNAME}\"\nATTR{idVendor}==\"0547\", ATTR{idProduct}==\"1002\", MODE=\"0660\", GROUP=\"plugdev\"\n\n# Hantek DSO-2150\nSUBSYSTEM==\"usb\", ACTION==\"add\", ENV{DEVTYPE}==\"usb_device\", ENV{PRODUCT}==\"4b4/2150/*\", RUN+=\"/sbin/fxload -t fx2 -I /usr/local/share/hantek/dso2150-firmware.hex -s /usr/local/share/hantek/dso2150-loader.hex -D $env{DEVNAME}\"\nATTR{idVendor}==\"04b5\", ATTR{idProduct}==\"2150\", MODE=\"0660\", GROUP=\"plugdev\"\n\n# Hantek DSO-2250\nSUBSYSTEM==\"usb\", ACTION==\"add\", ENV{DEVTYPE}==\"usb_device\", ENV{PRODUCT}==\"4b4/2250/*\", RUN+=\"/sbin/fxload -t fx2 -I /usr/local/share/hantek/dso2250-firmware.hex -s /usr/local/share/hantek/dso2250-loader.hex -D $env{DEVNAME}\"\nATTR{idVendor}==\"04b5\", ATTR{idProduct}==\"2250\", MODE=\"0660\", GROUP=\"plugdev\"\n\n# Hantek DSO-5200\nSUBSYSTEM==\"usb\", ACTION==\"add\", ENV{DEVTYPE}==\"usb_device\", ENV{PRODUCT}==\"4b4/5200/*\", RUN+=\"/sbin/fxload -t fx2 -I /usr/local/share/hantek/dso5200-firmware.hex -s /usr/local/share/hantek/dso5200-loader.hex -D $env{DEVNAME}\"\nATTR{idVendor}==\"04b5\", ATTR{idProduct}==\"5200\", MODE=\"0660\", GROUP=\"plugdev\"\n\n# Hantek DSO-5200A\nSUBSYSTEM==\"usb\", ACTION==\"add\", ENV{DEVTYPE}==\"usb_device\", ENV{PRODUCT}==\"4b4/520A/*\", RUN+=\"/sbin/fxload -t fx2 -I /usr/local/share/hantek/dso520a-firmware.hex -s /usr/local/share/hantek/dso520a-loader.hex -D $env{DEVNAME}\"\nATTR{idVendor}==\"04b5\", ATTR{idProduct}==\"520A\", MODE=\"0660\", GROUP=\"plugdev\"\n</code></pre> <p>Assuming the path to the *.hex file generated by the openhantek-extractfw is /usr/local/share/hantek .</p>","tags":["Debian","Linux","HW","Linux Mint","legacy-blogger"]},{"location":"2014/12/10/2014-12-openhantek-udev-rulez/#2-comments-captured-from-original-post-on-blogger","title":"2 comments captured from original post on Blogger","text":"<p>partinis said on 2018-02-09</p> <p>Hello,</p> <p>I have just tried it and have exactly the same problem as described by Mladen on https://sourceforge.net/p/openhantek/discussion/1153137/thread/d4f2beda/.</p> <p>Please do you have any suggestions to solve it?</p> <p>My device:</p> <p>ID 0547:1006 Anchor Chips, Inc. Hantek DSO-2100 UF</p> <p>ID 0547:1002 Anchor Chips, Inc. Python2 WDM Encoder (after loading firmware with fxload)</p> <p>Using following sources I was able to achieve best results ever (Scope is detected and relay clicks are hearable)</p> <p>http://svn.code.sf.net/p/openhantek/code/trunk</p> <p>I have also tried:</p> <p>https://github.com/OpenHantek/openhantek</p> <p>http://verahill.blogspot.de/2012/12/298-hantek-dso-2250-usb-with-openhantek.html</p> <p>However without any success\u2026</p> <p>Regards, partinis</p> <p>Tomas Hlavacek said on 2018-02-09</p> <p>I suggest you to ask on GitHub (create issue in OpenHantek project perhaps). It seems that developer is unexpectedly helpful, responds quickly and tries to solve your problems.</p> <p>I know, unfortunately just my version (DSO-2090) and is works out of box with current OpenHantek cloned from GitHub.</p>","tags":["Debian","Linux","HW","Linux Mint","legacy-blogger"]},{"location":"2015/08/12/2015-08-mgetty-in-systemd-for-modem-dial-in/","title":"mgetty in systemd for modem dial-in server","text":"<p>This was originally posted on blogger here.</p> <p>I used to have a modem dial-in server as an out-of-band management for key network elements. The idea was to call the server over the GSM from another place with minicom, connect to the terminal of the server and then use another serial consoles that was connected from the server to routers, switches etc...</p> <p>So far so good, I used to have a simple /etc/inittab line like this:</p> <pre><code>T3:23:respawn:/sbin/mgetty -D -s 115200 ttyS0\n</code></pre> <p>But... The ****ing almighty systemd came to create hell on earth for Linux users... No /etc/inittab anymore, no nothing. Well, UTFG, so I get completely wrong advice to try:</p> <pre><code># systemctl start getty@ttyS0.service\n</code></pre> <p>And that's it... (?) No, it isn't! It simply does not accept the call, because it uses agetty and agetty can't do that or it is not configured or whatever.</p> <p>After one particularly hot, unpleasant and exhausting afternoon spent on experimenting with this I came to following config for systemd that works for me (place it to /etc/systemd/system/mgetty.service):</p> <pre><code>[Unit]\nDescription=Smart Modem Getty(mgetty)\nDocumentation=man:mgetty(8)\nRequires=systemd-udev-settle.service\nAfter=systemd-udev-settle.service\n\n[Service]\nType=simple\nExecStart=/sbin/mgetty -D -s 115200 /dev/ttyS0\nRestart=always\nPIDFile=/var/run/mgetty.pid.ttyS0\n\n[Install]\nWantedBy=multi-user.target\n</code></pre> <p>And of course:</p> <pre><code># systemctl start mgetty.service\n# systemctl enable mgetty.service\n</code></pre> <p>I hate systemd! I really do. But I'll learn about it. It has spread to all reasonable distros like a nasty infection so we have to learn living with it, I guess.</p>","tags":["Debian","Linux","legacy-blogger"]},{"location":"2015/08/12/2015-08-mgetty-in-systemd-for-modem-dial-in/#5-comments-captured-from-original-post-on-blogger","title":"5 comments captured from original post on Blogger","text":"<p>Unknown said on 2015-08-21</p> <p>Thanks.  Finally surrendered to systemd since it seemed inevitable, and needed my trusty faxmodem still receiving for legal documents.</p> <p>Unknown said on 2018-07-20</p> <p>I didn't fully understand this ... (still reeling from the systemd crap)</p> <p>I created a directory entry:</p> <p>serial-getty@ttyUSB0.service.d</p> <p>much like the one I created for ttyS0 where my terminal is, but the modem just keeps running. It's treating the modem like a terminal.</p> <p>How did you specify that it use mgetty instead of agetty?</p> <p>Sorry ... still trying to grasp this.</p> <p>/etc/inittab was soooooo much easier!</p> <p>-rAllcorn-</p> <p>Rich Allcorn said on 2018-08-10</p> <p>After reviewing this, I have come to the conclusion that \"YOU SIR\" are the ONLY ONE who ever explained this on how to do with a \"systemd infected system\".</p> <p>THANK YOU SO VERY MUCH!!!!</p> <p>I am copying the file I created, to make things simple, and to honor YOUR labors ... again, I thank you!!</p> <p>(see following post)</p> <p>Rich Allcorn said on 2018-08-10</p> <pre><code># /etc/systemd/system/mgetty.service\n#\n# credit for creating this goes to:\n# \"Snarky Brill\", who posted a guide that helped me to create this one\n#\n#  see URL:\n#  https://snarkybrill.blogspot.com/2015/08/mgetty-in-systemd-for-modem-dial-in.html?showComment=1533868591623#c3913812844269156303\n#\n#\n# This file enables model dial-in services using mgetty for ttyUSB0\n# where the modem resides on my system.\n#\n# You can tailor this for whatever serial port your modem may reside\n#\n#\n# Copy this file to:  /etc/systemd/system\n\n[Unit]\nDescription=Smart Modem Getty(mgetty)\nDocumentation=man:mgetty(8)\nRequires=systemd-udev-settle.service\nAfter=systemd-udev-settle.service\n\n[Service]\nType=simple\nExecStart=/sbin/mgetty -D -s 38400 /dev/ttyUSB0\nRestart=always\nPIDFile=/var/run/mgetty.pid.ttyUSB0\n\n[Install]\nWantedBy=multi-user.target\n\n\n# Don't forget to run the following commands:\n#\n#\n# $ sudo systemctl start mgetty.service\n# $ sudo systemctl enable mgetty.service\n#\n#\n# ... after copying the file to /etc/systemd/system/\n#\n</code></pre> <p>Unknown said on 2018-12-13</p> <p>Thank you very much.</p> <p>I am the author of mgetty, but I stopped using Linux a while ago due to systemd plague - and today I needed to install mgetty on a customer's Ubuntu system.  Which brought a nice precompiled package, but NO UNIT FILE...</p> <p>Now I have one, thanks to your blog :-)</p>","tags":["Debian","Linux","legacy-blogger"]},{"location":"2015/09/01/2015-09-systemd-vs-syslog-on-debian/","title":"systemd vs. syslog on Debian","text":"<p>This was originally posted on blogger here.</p> <p>I got pissed off by yet another systemd weirdness: My logfiles (generated by rsyslog) /var/log/daemon.log got flooded with shit like this:</p> <pre><code>Sep  1 13:35:36 lux systemd[13644]: Starting Paths.\nSep  1 13:35:36 lux systemd[13644]: Reached target Paths.\nSep  1 13:35:36 lux systemd[13644]: Starting Timers.\nSep  1 13:35:36 lux systemd[13644]: Reached target Timers.\nSep  1 13:35:36 lux systemd[13644]: Starting Sockets.\nSep  1 13:35:36 lux systemd[13644]: Reached target Sockets.\nSep  1 13:35:36 lux systemd[13644]: Starting Basic System.\nSep  1 13:35:36 lux systemd[13644]: Reached target Basic System.\nSep  1 13:35:36 lux systemd[13644]: Starting Default.\nSep  1 13:35:36 lux systemd[13644]: Reached target Default.\nSep  1 13:35:36 lux systemd[13644]: Startup finished in 13ms.\nSep  1 13:35:37 lux systemd[13644]: Stopping Default.\nSep  1 13:35:37 lux systemd[13644]: Stopped target Default.\nSep  1 13:35:37 lux systemd[13644]: Stopping Basic System.\nSep  1 13:35:37 lux systemd[13644]: Stopped target Basic System.\nSep  1 13:35:37 lux systemd[13644]: Stopping Paths.\nSep  1 13:35:37 lux systemd[13644]: Stopped target Paths.\nSep  1 13:35:37 lux systemd[13644]: Stopping Timers.\nSep  1 13:35:37 lux systemd[13644]: Stopped target Timers.\nSep  1 13:35:37 lux systemd[13644]: Stopping Sockets.\nSep  1 13:35:37 lux systemd[13644]: Stopped target Sockets.\nSep  1 13:35:37 lux systemd[13644]: Starting Shutdown.\nSep  1 13:35:37 lux systemd[13644]: Reached target Shutdown.\nSep  1 13:35:37 lux systemd[13644]: Starting Exit the Session...\nSep  1 13:35:37 lux systemd[13644]: Received SIGRTMIN+24 from PID 13654 (kill).\nSep  1 13:35:37 lux systemd[13666]: Starting Paths.\nSep  1 13:35:37 lux systemd[13666]: Reached target Paths.\nSep  1 13:35:37 lux systemd[13666]: Starting Timers.\nSep  1 13:35:37 lux systemd[13666]: Reached target Timers.\nSep  1 13:35:37 lux systemd[13666]: Starting Sockets.\nSep  1 13:35:37 lux systemd[13666]: Reached target Sockets.\nSep  1 13:35:37 lux systemd[13666]: Starting Basic System.\nSep  1 13:35:37 lux systemd[13666]: Reached target Basic System.\nSep  1 13:35:37 lux systemd[13666]: Starting Default.\nSep  1 13:35:37 lux systemd[13666]: Reached target Default.\nSep  1 13:35:37 lux systemd[13666]: Startup finished in 8ms.\nSep  1 13:35:37 lux systemd[13666]: Stopping Default.\nSep  1 13:35:37 lux systemd[13666]: Stopped target Default.\nSep  1 13:35:37 lux systemd[13666]: Stopping Basic System.\nSep  1 13:35:37 lux systemd[13666]: Stopped target Basic System.\nSep  1 13:35:37 lux systemd[13666]: Stopping Paths.\nSep  1 13:35:37 lux systemd[13666]: Stopped target Paths.\nSep  1 13:35:37 lux systemd[13666]: Stopping Timers.\nSep  1 13:35:37 lux systemd[13666]: Stopped target Timers.\nSep  1 13:35:37 lux systemd[13666]: Stopping Sockets.\nSep  1 13:35:37 lux systemd[13666]: Stopped target Sockets.\nSep  1 13:35:37 lux systemd[13666]: Starting Shutdown.\nSep  1 13:35:37 lux systemd[13666]: Reached target Shutdown.\nSep  1 13:35:37 lux systemd[13666]: Starting Exit the Session...\nSep  1 13:35:37 lux systemd[13666]: Received SIGRTMIN+24 from PID 13685 (kill).\nSep  1 13:35:37 lux systemd[13705]: Starting Paths.\nSep  1 13:35:37 lux systemd[13705]: Reached target Paths.\nSep  1 13:35:37 lux systemd[13705]: Starting Timers.\nSep  1 13:35:37 lux systemd[13705]: Reached target Timers.\nSep  1 13:35:37 lux systemd[13705]: Starting Sockets.\nSep  1 13:35:37 lux systemd[13705]: Reached target Sockets.\nSep  1 13:35:37 lux systemd[13705]: Starting Basic System.\nSep  1 13:35:37 lux systemd[13705]: Reached target Basic System.\nSep  1 13:35:37 lux systemd[13705]: Starting Default.\nSep  1 13:35:37 lux systemd[13705]: Reached target Default.\nSep  1 13:35:37 lux systemd[13705]: Startup finished in 8ms.\nSep  1 13:35:38 lux systemd[13705]: Stopping Default.\nSep  1 13:35:38 lux systemd[13705]: Stopped target Default.\nSep  1 13:35:38 lux systemd[13705]: Stopping Basic System.\nSep  1 13:35:38 lux systemd[13705]: Stopped target Basic System.\nSep  1 13:35:38 lux systemd[13705]: Stopping Paths.\nSep  1 13:35:38 lux systemd[13705]: Stopped target Paths.\nSep  1 13:35:38 lux systemd[13705]: Stopping Timers.\nSep  1 13:35:38 lux systemd[13705]: Stopped target Timers.\nSep  1 13:35:38 lux systemd[13705]: Stopping Sockets.\nSep  1 13:35:38 lux systemd[13705]: Stopped target Sockets.\nSep  1 13:35:38 lux systemd[13705]: Starting Shutdown.\nSep  1 13:35:38 lux systemd[13705]: Reached target Shutdown.\nSep  1 13:35:38 lux systemd[13705]: Starting Exit the Session...\nSep  1 13:35:38 lux systemd[13705]: Received SIGRTMIN+24 from PID 13714 (kill).\nSep  1 13:35:38 lux systemd[13742]: Starting Paths.\nSep  1 13:35:38 lux systemd[13742]: Reached target Paths.\nSep  1 13:35:38 lux systemd[13742]: Starting Timers.\nSep  1 13:35:38 lux systemd[13742]: Reached target Timers.\nSep  1 13:35:38 lux systemd[13742]: Starting Sockets.\nSep  1 13:35:38 lux systemd[13742]: Reached target Sockets.\nSep  1 13:35:38 lux systemd[13742]: Starting Basic System.\nSep  1 13:35:38 lux systemd[13742]: Reached target Basic System.\nSep  1 13:35:38 lux systemd[13742]: Starting Default.\nSep  1 13:35:38 lux systemd[13742]: Reached target Default.\nSep  1 13:35:38 lux systemd[13742]: Startup finished in 14ms.\nSep  1 13:35:38 lux systemd[13742]: Stopping Default.\nSep  1 13:35:38 lux systemd[13742]: Stopped target Default.\nSep  1 13:35:38 lux systemd[13742]: Stopping Basic System.\nSep  1 13:35:38 lux systemd[13742]: Stopped target Basic System.\nSep  1 13:35:38 lux systemd[13742]: Stopping Paths.\nSep  1 13:35:38 lux systemd[13742]: Stopped target Paths.\nSep  1 13:35:38 lux systemd[13742]: Stopping Timers.\nSep  1 13:35:38 lux systemd[13742]: Stopped target Timers.\nSep  1 13:35:38 lux systemd[13742]: Stopping Sockets.\nSep  1 13:35:38 lux systemd[13742]: Stopped target Sockets.\nSep  1 13:35:38 lux systemd[13742]: Starting Shutdown.\nSep  1 13:35:38 lux systemd[13742]: Reached target Shutdown.\nSep  1 13:35:38 lux systemd[13742]: Starting Exit the Session...\nSep  1 13:35:38 lux systemd[13742]: Received SIGRTMIN+24 from PID 13753 (kill).\nSep  1 13:35:39 lux systemd[13779]: Starting Paths.\nSep  1 13:35:39 lux systemd[13779]: Reached target Paths.\nSep  1 13:35:39 lux systemd[13779]: Starting Timers.\nSep  1 13:35:39 lux systemd[13779]: Reached target Timers.\nSep  1 13:35:39 lux systemd[13779]: Starting Sockets.\nSep  1 13:35:39 lux systemd[13779]: Reached target Sockets.\nSep  1 13:35:39 lux systemd[13779]: Starting Basic System.\nSep  1 13:35:39 lux systemd[13779]: Reached target Basic System.\nSep  1 13:35:39 lux systemd[13779]: Starting Default.\nSep  1 13:35:39 lux systemd[13779]: Reached target Default.\nSep  1 13:35:39 lux systemd[13779]: Startup finished in 14ms.\nSep  1 13:35:39 lux systemd[13779]: Stopping Default.\nSep  1 13:35:39 lux systemd[13779]: Stopped target Default.\nSep  1 13:35:39 lux systemd[13779]: Stopping Basic System.\nSep  1 13:35:39 lux systemd[13779]: Stopped target Basic System.\nSep  1 13:35:39 lux systemd[13779]: Stopping Paths.\nSep  1 13:35:39 lux systemd[13779]: Stopped target Paths.\nSep  1 13:35:39 lux systemd[13779]: Stopping Timers.\nSep  1 13:35:39 lux systemd[13779]: Stopped target Timers.\nSep  1 13:35:39 lux systemd[13779]: Stopping Sockets.\nSep  1 13:35:39 lux systemd[13779]: Stopped target Sockets.\nSep  1 13:35:39 lux systemd[13779]: Starting Shutdown.\nSep  1 13:35:39 lux systemd[13779]: Reached target Shutdown.\nSep  1 13:35:39 lux systemd[13779]: Starting Exit the Session...\nSep  1 13:35:39 lux systemd[13779]: Received SIGRTMIN+24 from PID 13788 (kill).\n</code></pre> <p>What the **** is that? What the hell does it mean? I googled a bit but after reading few meaningless discussion like A: \"What does it mean? Is it serious? How do I get rid of this\". B: \"It is for your own good. Suffer and be silent.\" I got finally an impression that it is harmless and it simple means that systemd mothe****er somehow help to log-in and log-out users and it does something(?) with processes that get started by cron.</p> <p>Then I came across some RHEL/Fedora bug report where even Lennart Poettering posted his \"Won'tfix! It's for your own good. Resistance is futile, keep you mouth shut and suffer with systemd.\" Somebody called him an idiot in response. :-)</p> <p>Anyway, the problem occurred only on Debian systems that have been upgraded from Wheezy to Jessie, but not on freshly installed Jessies. So I compared configuration and the difference that... well, it made the difference, was:</p> <pre><code>session        optional        pam_systemd.so\n</code></pre> <p>line in /etc/pam.d/common-session . I just commented it out and the shitload of annoying log messages stopped.</p>","tags":["Debian","Linux","legacy-blogger"]},{"location":"2015/09/01/2015-09-systemd-vs-syslog-on-debian/#1-comments-captured-from-original-post-on-blogger","title":"1 comments captured from original post on Blogger","text":"<p>Elijah Jericho said on 2016-04-20</p> <p>Thanks for that :)</p>","tags":["Debian","Linux","legacy-blogger"]},{"location":"2015/11/06/2015-11-eu-lost-its-mind-with-cookies/","title":"EU lost its mind with cookies","text":"<p>This was originally posted on blogger here.</p> <p>Are you fed up with the silly bothering and idiotic notices \"This web site uses cookies, you have been warned\" over and over again? I would say that it's really badly implemented almost everywhere and I can understand that. Nobody wants to spend money and programmers' time on this crap.  So I suggest to change the note: EU imposed a new obligation for us to bother you with cookies. We think that it is nonsense but we have to comply: Please note this web site might use cookies to store data, jabber jibber, lot of data etc. If you want us not to bother you with obligatory EU crap vote against EU, whatever it might mean in your particular country. They deserve nothing less than being de-funded, thrown out from their nice warm offices into the real world and they have to be kept away from any possibility to mess up with our lives forever.</p>","tags":["legacy-blogger"]},{"location":"2015/12/24/2015-12-ubuntu-hp-pavilion-x2-10-n109nc/","title":"Ubuntu @ HP Pavilion X2 10-n109nc","text":"<p>This was originally posted on blogger here.</p> <p></p> <p>I just bought this laptop/tablet. And I wanted to run it with Ubuntu from the first moment. I knew that it is a bold aim...</p> <p>As I expected: Ordinary Ubuntu 15.10 desktop installer just hangs during startup. I had a bit more luck with the server installer (though I had to use USB NIC to connect to the Internet) and then I was able to install the system and after that I replaced kernel with 4.4-rc6 from kernel-ppa/mainline and X.Org with edgers PPA. Since then the wireless NIC runs and the system seems to be stable now.</p> <p>But ACPI does not work well (see the dmeg below), GPU gives a lot of errors into dmesg (not displayed), sound does not work at all, no battery indicator is available and suspend does not work.</p>","tags":["Linux","HW","Ubuntu","Linux kernel","legacy-blogger"]},{"location":"2015/12/24/2015-12-ubuntu-hp-pavilion-x2-10-n109nc/#dmesg","title":"dmesg","text":"<pre><code>[    0.000000] Initializing cgroup subsys cpuset\n[    0.000000] Initializing cgroup subsys cpu\n[    0.000000] Initializing cgroup subsys cpuacct\n[    0.000000] Linux version 4.4.0-040400rc6-generic (kernel@tangerine) (gcc version 5.2.1 20151010 (Ubuntu 5.2.1-22ubuntu2) ) #201512202030 SMP Mon Dec 21 01:32:09 UTC 2015\n[    0.000000] Command line: BOOT_IMAGE=/boot/vmlinuz-4.4.0-040400rc6-generic root=UUID=cacaa7c0-4b0d-4747-85d3-ef0cc2a17836 ro\n[    0.000000] KERNEL supported cpus:\n[    0.000000]   Intel GenuineIntel\n[    0.000000]   AMD AuthenticAMD\n[    0.000000]   Centaur CentaurHauls\n[    0.000000] x86/fpu: Legacy x87 FPU detected.\n[    0.000000] x86/fpu: Using 'lazy' FPU context switches.\n[    0.000000] e820: BIOS-provided physical RAM map:\n[    0.000000] BIOS-e820: [mem 0x0000000000000000-0x000000000008efff] usable\n[    0.000000] BIOS-e820: [mem 0x000000000008f000-0x000000000008ffff] ACPI NVS\n[    0.000000] BIOS-e820: [mem 0x0000000000090000-0x000000000009ffff] usable\n[    0.000000] BIOS-e820: [mem 0x0000000000100000-0x000000001fffffff] usable\n[    0.000000] BIOS-e820: [mem 0x0000000020000000-0x00000000201fffff] reserved\n[    0.000000] BIOS-e820: [mem 0x0000000020200000-0x0000000079b5ffff] usable\n[    0.000000] BIOS-e820: [mem 0x0000000079b60000-0x0000000079caffff] type 20\n[    0.000000] BIOS-e820: [mem 0x0000000079cb0000-0x000000007a5affff] reserved\n[    0.000000] BIOS-e820: [mem 0x000000007a5b0000-0x000000007a6affff] ACPI NVS\n[    0.000000] BIOS-e820: [mem 0x000000007a6b0000-0x000000007a6effff] ACPI data\n[    0.000000] BIOS-e820: [mem 0x000000007a6f0000-0x000000007bffffff] usable\n[    0.000000] BIOS-e820: [mem 0x00000000e0000000-0x00000000e3ffffff] reserved\n[    0.000000] BIOS-e820: [mem 0x00000000fea00000-0x00000000feafffff] reserved\n[    0.000000] BIOS-e820: [mem 0x00000000fec00000-0x00000000fec00fff] reserved\n[    0.000000] BIOS-e820: [mem 0x00000000fed01000-0x00000000fed01fff] reserved\n[    0.000000] BIOS-e820: [mem 0x00000000fed03000-0x00000000fed03fff] reserved\n[    0.000000] BIOS-e820: [mem 0x00000000fed06000-0x00000000fed06fff] reserved\n[    0.000000] BIOS-e820: [mem 0x00000000fed08000-0x00000000fed09fff] reserved\n[    0.000000] BIOS-e820: [mem 0x00000000fed1c000-0x00000000fed1cfff] reserved\n[    0.000000] BIOS-e820: [mem 0x00000000fed80000-0x00000000fedbffff] reserved\n[    0.000000] BIOS-e820: [mem 0x00000000fee00000-0x00000000fee00fff] reserved\n[    0.000000] BIOS-e820: [mem 0x00000000ffb00000-0x00000000ffffffff] reserved\n[    0.000000] NX (Execute Disable) protection: active\n[    0.000000] efi: EFI v2.40 by INSYDE Corp.\n[    0.000000] efi:  ACPI 2.0=0x7a6ef014  SMBIOS=0x79d3d000  ESRT=0x79d3aa18 \n[    0.000000] esrt: Reserving ESRT space from 0x0000000079d3aa18 to 0x0000000079d3aa50.\n[    0.000000] SMBIOS 2.8 present.\n[    0.000000] DMI: HP HP Pavilion x2 Detachable/813E, BIOS F.06 11/02/2015\n[    0.000000] e820: update [mem 0x00000000-0x00000fff] usable ==&amp;gt; reserved\n[    0.000000] e820: remove [mem 0x000a0000-0x000fffff] usable\n[    0.000000] e820: last_pfn = 0x7c000 max_arch_pfn = 0x400000000\n[    0.000000] MTRR default type: uncachable\n[    0.000000] MTRR fixed ranges enabled:\n[    0.000000]   00000-9FFFF write-back\n[    0.000000]   A0000-FFFFF write-protect\n[    0.000000] MTRR variable ranges enabled:\n[    0.000000]   0 base 0FFC00000 mask FFFC00000 write-protect\n[    0.000000]   1 base 0FFB00000 mask FFFF00000 write-protect\n[    0.000000]   2 base 000000000 mask F80000000 write-back\n[    0.000000]   3 base 07E000000 mask FFE000000 uncachable\n[    0.000000]   4 base 07D000000 mask FFF000000 uncachable\n[    0.000000]   5 base 07C800000 mask FFF800000 uncachable\n[    0.000000]   6 base 07C400000 mask FFFC00000 uncachable\n[    0.000000]   7 disabled\n[    0.000000] x86/PAT: Configuration [0-7]: WB  WC  UC- UC  WB  WC  UC- WT  \n[    0.000000] Scanning 1 areas for low memory corruption\n[    0.000000] Base memory trampoline at [ffff880000099000] 99000 size 24576\n[    0.000000] BRK [0x031f6000, 0x031f6fff] PGTABLE\n[    0.000000] BRK [0x031f7000, 0x031f7fff] PGTABLE\n[    0.000000] BRK [0x031f8000, 0x031f8fff] PGTABLE\n[    0.000000] BRK [0x031f9000, 0x031f9fff] PGTABLE\n[    0.000000] BRK [0x031fa000, 0x031fafff] PGTABLE\n[    0.000000] BRK [0x031fb000, 0x031fbfff] PGTABLE\n[    0.000000] RAMDISK: [mem 0x33fc2000-0x35fd8fff]\n[    0.000000] ACPI: Early table checksum verification disabled\n[    0.000000] ACPI: RSDP 0x000000007A6EF014 000024 (v02 HPQOEM)\n[    0.000000] ACPI: XSDT 0x000000007A6EF120 0000BC (v01 HPQOEM SLIC-MPC 00000003 HP   01000013)\n[    0.000000] ACPI: FACP 0x000000007A6E5000 00010C (v05 HPQOEM SLIC-MPC 00000003 HP   00040000)\n[    0.000000] ACPI: DSDT 0x000000007A6C1000 01E8D9 (v02 HPQOEM SLIC-MPC 00000003 ACPI 00040000)\n[    0.000000] ACPI: FACS 0x000000007A651000 000040\n[    0.000000] ACPI: UEFI 0x000000007A6EE000 000236 (v01 HPQOEM 813E     00000001 HP   00040000)\n[    0.000000] ACPI: MSDM 0x000000007A6ED000 000055 (v03 HPQOEM SLIC-MPC 00000001 HP   00040000)\n[    0.000000] ACPI: UEFI 0x000000007A6EC000 000042 (v01 HPQOEM 813E     00000000 HP   00040000)\n[    0.000000] ACPI: SSDT 0x000000007A6E7000 0044CC (v01 HPQOEM 813E     00001000 ACPI 00040000)\n[    0.000000] ACPI: HPET 0x000000007A6E4000 000038 (v01 HPQOEM 813E     00000003 HP   00040000)\n[    0.000000] ACPI: LPIT 0x000000007A6E3000 000104 (v01 HPQOEM 813E     00000003 HP   00040000)\n[    0.000000] ACPI: APIC 0x000000007A6E2000 00006C (v03 HPQOEM SLIC-MPC 00000003 HP   00040000)\n[    0.000000] ACPI: MCFG 0x000000007A6E1000 00003C (v01 HPQOEM 813E     00000003 HP   00040000)\n[    0.000000] ACPI: PRAM 0x000000007A6E0000 000030 (v01 HPQOEM 813E     00000003 HP   00040000)\n[    0.000000] ACPI: SSDT 0x000000007A6C0000 0005E3 (v01 HPQOEM CpuDptf  00000003 ACPI 00040000)\n[    0.000000] ACPI: SSDT 0x000000007A6BC000 003CAF (v01 HPQOEM DptfTab  00000003 ACPI 00040000)\n[    0.000000] ACPI: SSDT 0x000000007A6BB000 000058 (v01 HPQOEM LowPwrM  00000003 ACPI 00040000)\n[    0.000000] ACPI: SSDT 0x000000007A6BA000 000763 (v01 HPQOEM 813E     00003000 ACPI 00040000)\n[    0.000000] ACPI: SSDT 0x000000007A6B9000 000290 (v01 HPQOEM 813E     00003000 ACPI 00040000)\n[    0.000000] ACPI: SSDT 0x000000007A6B8000 00017A (v01 HPQOEM 813E     00003000 ACPI 00040000)\n[    0.000000] ACPI: CSRT 0x000000007A6E6000 00014C (v00 HPQOEM 813E     00000003 HP   00040000)\n[    0.000000] ACPI: FPDT 0x000000007A6B7000 000044 (v01 HPQOEM SLIC-MPC 00000002 HP   00040000)\n[    0.000000] ACPI: BGRT 0x000000007A6B6000 000038 (v01 HPQOEM 813E     00000001 HP   00040000)\n[    0.000000] ACPI: Local APIC address 0xfee00000\n[    0.000000] No NUMA configuration found\n[    0.000000] Faking a node at [mem 0x0000000000000000-0x000000007bffffff]\n[    0.000000] NODE_DATA(0) allocated [mem 0x793f0000-0x793f3fff]\n[    0.000000] Zone ranges:\n[    0.000000]   DMA      [mem 0x0000000000001000-0x0000000000ffffff]\n[    0.000000]   DMA32    [mem 0x0000000001000000-0x000000007bffffff]\n[    0.000000]   Normal   empty\n[    0.000000] Movable zone start for each node\n[    0.000000] Early memory node ranges\n[    0.000000]   node   0: [mem 0x0000000000001000-0x000000000008efff]\n[    0.000000]   node   0: [mem 0x0000000000090000-0x000000000009ffff]\n[    0.000000]   node   0: [mem 0x0000000000100000-0x000000001fffffff]\n[    0.000000]   node   0: [mem 0x0000000020200000-0x0000000079b5ffff]\n[    0.000000]   node   0: [mem 0x000000007a6f0000-0x000000007bffffff]\n[    0.000000] Initmem setup node 0 [mem 0x0000000000001000-0x000000007bffffff]\n[    0.000000] On node 0 totalpages: 504334\n[    0.000000]   DMA zone: 64 pages used for memmap\n[    0.000000]   DMA zone: 23 pages reserved\n[    0.000000]   DMA zone: 3998 pages, LIFO batch:0\n[    0.000000]   DMA32 zone: 7872 pages used for memmap\n[    0.000000]   DMA32 zone: 500336 pages, LIFO batch:31\n[    0.000000] Reserving Intel graphics stolen memory at 0x7cc00000-0x7ebfffff\n[    0.000000] ACPI: PM-Timer IO Port: 0x408\n[    0.000000] ACPI: Local APIC address 0xfee00000\n[    0.000000] IOAPIC[0]: apic_id 1, version 32, address 0xfec00000, GSI 0-114\n[    0.000000] ACPI: INT_SRC_OVR (bus 0 bus_irq 0 global_irq 2 dfl dfl)\n[    0.000000] ACPI: INT_SRC_OVR (bus 0 bus_irq 9 global_irq 9 high level)\n[    0.000000] ACPI: IRQ0 used by override.\n[    0.000000] ACPI: IRQ9 used by override.\n[    0.000000] Using ACPI (MADT) for SMP configuration information\n[    0.000000] ACPI: HPET id: 0x8086a201 base: 0xfed00000\n[    0.000000] smpboot: Allowing 4 CPUs, 0 hotplug CPUs\n[    0.000000] PM: Registered nosave memory: [mem 0x00000000-0x00000fff]\n[    0.000000] PM: Registered nosave memory: [mem 0x0008f000-0x0008ffff]\n[    0.000000] PM: Registered nosave memory: [mem 0x000a0000-0x000fffff]\n[    0.000000] PM: Registered nosave memory: [mem 0x20000000-0x201fffff]\n[    0.000000] PM: Registered nosave memory: [mem 0x79b60000-0x79caffff]\n[    0.000000] PM: Registered nosave memory: [mem 0x79cb0000-0x7a5affff]\n[    0.000000] PM: Registered nosave memory: [mem 0x7a5b0000-0x7a6affff]\n[    0.000000] PM: Registered nosave memory: [mem 0x7a6b0000-0x7a6effff]\n[    0.000000] e820: [mem 0x7ec00000-0xdfffffff] available for PCI devices\n[    0.000000] Booting paravirtualized kernel on bare hardware\n[    0.000000] clocksource: refined-jiffies: mask: 0xffffffff max_cycles: 0xffffffff, max_idle_ns: 7645519600211568 ns\n[    0.000000] setup_percpu: NR_CPUS:256 nr_cpumask_bits:256 nr_cpu_ids:4 nr_node_ids:1\n[    0.000000] PERCPU: Embedded 33 pages/cpu @ffff880079000000 s97496 r8192 d29480 u524288\n[    0.000000] pcpu-alloc: s97496 r8192 d29480 u524288 alloc=1*2097152\n[    0.000000] pcpu-alloc: [0] 0 1 2 3 \n[    0.000000] Built 1 zonelists in Node order, mobility grouping on.  Total pages: 496375\n[    0.000000] Policy zone: DMA32\n[    0.000000] Kernel command line: BOOT_IMAGE=/boot/vmlinuz-4.4.0-040400rc6-generic root=UUID=cacaa7c0-4b0d-4747-85d3-ef0cc2a17836 ro\n[    0.000000] PID hash table entries: 4096 (order: 3, 32768 bytes)\n[    0.000000] Calgary: detecting Calgary via BIOS EBDA area\n[    0.000000] Calgary: Unable to locate Rio Grande table in EBDA - bailing!\n[    0.000000] Memory: 1876068K/2017336K available (8198K kernel code, 1262K rwdata, 3948K rodata, 1460K init, 1292K bss, 141268K reserved, 0K cma-reserved)\n[    0.000000] SLUB: HWalign=64, Order=0-3, MinObjects=0, CPUs=4, Nodes=1\n[    0.000000] Hierarchical RCU implementation.\n[    0.000000]  Build-time adjustment of leaf fanout to 64.\n[    0.000000]  RCU restricting CPUs from NR_CPUS=256 to nr_cpu_ids=4.\n[    0.000000] RCU: Adjusting geometry for rcu_fanout_leaf=64, nr_cpu_ids=4\n[    0.000000] NR_IRQS:16640 nr_irqs:1024 16\n[    0.000000] Console: colour dummy device 80x25\n[    0.000000] console [tty0] enabled\n[    0.000000] clocksource: hpet: mask: 0xffffffff max_cycles: 0xffffffff, max_idle_ns: 133484882848 ns\n[    0.000000] hpet clockevent registered\n[    0.000000] tsc: PIT calibration matches HPET. 1 loops\n[    0.000000] tsc: Detected 1439.974 MHz processor\n[    0.000051] Calibrating delay loop (skipped), value calculated using timer frequency.. 2879.94 BogoMIPS (lpj=5759896)\n[    0.000074] pid_max: default: 32768 minimum: 301\n[    0.000098] ACPI: Core revision 20150930\n[    0.068349] ACPI: 8 ACPI AML tables successfully acquired and loaded\n[    0.070445] Security Framework initialized\n[    0.070464] Yama: becoming mindful.\n[    0.070489] AppArmor: AppArmor initialized\n[    0.070879] Dentry cache hash table entries: 262144 (order: 9, 2097152 bytes)\n[    0.072170] Inode-cache hash table entries: 131072 (order: 8, 1048576 bytes)\n[    0.072782] Mount-cache hash table entries: 4096 (order: 3, 32768 bytes)\n[    0.072807] Mountpoint-cache hash table entries: 4096 (order: 3, 32768 bytes)\n[    0.073284] Initializing cgroup subsys io\n[    0.073305] Initializing cgroup subsys memory\n[    0.073329] Initializing cgroup subsys devices\n[    0.073344] Initializing cgroup subsys freezer\n[    0.073358] Initializing cgroup subsys net_cls\n[    0.073370] Initializing cgroup subsys perf_event\n[    0.073384] Initializing cgroup subsys net_prio\n[    0.073397] Initializing cgroup subsys hugetlb\n[    0.073414] Initializing cgroup subsys pids\n[    0.073458] CPU: Physical Processor ID: 0\n[    0.073507] CPU: Processor Core ID: 0\n[    0.073522] ENERGY_PERF_BIAS: Set to 'normal', was 'performance'\n[    0.073532] ENERGY_PERF_BIAS: View and update with x86_energy_perf_policy(8)\n[    0.079016] mce: CPU supports 6 MCE banks\n[    0.079040] CPU0: Thermal monitoring enabled (TM1)\n[    0.079053] process: using mwait in idle threads\n[    0.079068] Last level iTLB entries: 4KB 48, 2MB 0, 4MB 0\n[    0.079078] Last level dTLB entries: 4KB 256, 2MB 16, 4MB 16, 1GB 0\n[    0.079602] Freeing SMP alternatives memory: 28K (ffffffff820aa000 - ffffffff820b1000)\n[    0.088425] ftrace: allocating 31491 entries in 124 pages\n[    0.115925] ..TIMER: vector=0x30 apic1=0 pin1=2 apic2=-1 pin2=-1\n[    0.155636] TSC deadline timer enabled\n[    0.155646] smpboot: CPU0: Intel(R) Atom(TM) x5-Z8300  CPU @ 1.44GHz (family: 0x6, model: 0x4c, stepping: 0x3)\n[    0.155733] Performance Events: PEBS fmt2+, 8-deep LBR, Silvermont events, full-width counters, Intel PMU driver.\n[    0.155771] ... version:                3\n[    0.155780] ... bit width:              40\n[    0.155788] ... generic registers:      2\n[    0.155797] ... value mask:             000000ffffffffff\n[    0.155806] ... max period:             000000ffffffffff\n[    0.155814] ... fixed-purpose events:   3\n[    0.155822] ... event mask:             0000000700000003\n[    0.157848] x86: Booting SMP configuration:\n[    0.157864] .... node  #0, CPUs:      #1\n[    0.165733] NMI watchdog: enabled on all CPUs, permanently consumes one hw-PMU counter.\n[    0.166045]  #2 #3\n[    0.181544] x86: Booted up 1 node, 4 CPUs\n[    0.181562] smpboot: Total of 4 processors activated (11519.79 BogoMIPS)\n[    0.182779] devtmpfs: initialized\n[    0.191480] evm: security.selinux\n[    0.191492] evm: security.SMACK64\n[    0.191500] evm: security.SMACK64EXEC\n[    0.191508] evm: security.SMACK64TRANSMUTE\n[    0.191518] evm: security.SMACK64MMAP\n[    0.191525] evm: security.ima\n[    0.191533] evm: security.capability\n[    0.191676] PM: Registering ACPI NVS region [mem 0x0008f000-0x0008ffff] (4096 bytes)\n[    0.191694] PM: Registering ACPI NVS region [mem 0x7a5b0000-0x7a6affff] (1048576 bytes)\n[    0.191957] clocksource: jiffies: mask: 0xffffffff max_cycles: 0xffffffff, max_idle_ns: 7645041785100000 ns\n[    0.192208] pinctrl core: initialized pinctrl subsystem\n[    0.192524] RTC time: 23:34:39, date: 12/23/15\n[    0.192904] NET: Registered protocol family 16\n[    0.202322] cpuidle: using governor ladder\n[    0.214334] cpuidle: using governor menu\n[    0.214351] PCCT header not found.\n[    0.214507] ACPI FADT declares the system doesn't support PCIe ASPM, so disable it\n[    0.214525] ACPI: bus type PCI registered\n[    0.214536] acpiphp: ACPI Hot Plug PCI Controller Driver version: 0.5\n[    0.214734] PCI: MMCONFIG for domain 0000 [bus 00-3f] at [mem 0xe0000000-0xe3ffffff] (base 0xe0000000)\n[    0.214754] PCI: MMCONFIG at [mem 0xe0000000-0xe3ffffff] reserved in E820\n[    0.214776] PCI: Using configuration type 1 for base access\n[    0.227426] ACPI: Added _OSI(Module Device)\n[    0.227441] ACPI: Added _OSI(Processor Device)\n[    0.227450] ACPI: Added _OSI(3.0 _SCP Extensions)\n[    0.227459] ACPI: Added _OSI(Processor Aggregator Device)\n[    0.269597] ACPI: Dynamic OEM Table Load:\n[    0.269630] ACPI: SSDT 0xFFFF880074762000 00057B (v01 PmRef  Cpu0Ist  00003000 INTL 20130117)\n[    0.272170] ACPI: Dynamic OEM Table Load:\n[    0.272195] ACPI: SSDT 0xFFFF880074796000 0003A5 (v01 PmRef  Cpu0Cst  00003001 INTL 20130117)\n[    0.275207] ACPI: Dynamic OEM Table Load:\n[    0.275230] ACPI: SSDT 0xFFFF88007B806200 00015F (v01 PmRef  ApIst    00003000 INTL 20130117)\n[    0.277668] ACPI: Dynamic OEM Table Load:\n[    0.277691] ACPI: SSDT 0xFFFF8800747EE840 00008D (v01 PmRef  ApCst    00003000 INTL 20130117)\n[    0.282507] ACPI: Interpreter enabled\n[    0.282532] ACPI Exception: AE_NOT_FOUND, While evaluating Sleep State [\\_S1_] (20150930/hwxface-580)\n[    0.282559] ACPI Exception: AE_NOT_FOUND, While evaluating Sleep State [\\_S2_] (20150930/hwxface-580)\n[    0.282583] ACPI Exception: AE_NOT_FOUND, While evaluating Sleep State [\\_S3_] (20150930/hwxface-580)\n[    0.282629] ACPI: (supports S0 S4 S5)\n[    0.282640] ACPI: Using IOAPIC for interrupt routing\n[    0.282731] PCI: Using host bridge windows from ACPI; if necessary, use \"pci=nocrs\" and report a bug\n[    0.284774] ACPI: Power Resource [USBC] (on)\n[    0.286036] ACPI: Power Resource [WWPR] (off)\n[    0.286879] ACPI: Power Resource [WWPR] (off)\n[    0.288323] ACPI: Power Resource [WWPR] (off)\n[    0.289134] ACPI: Power Resource [WWPR] (off)\n[    0.289952] ACPI: Power Resource [WWPR] (off)\n[    0.290858] ACPI: Power Resource [WWPR] (off)\n[    0.305068] ACPI: Power Resource [CLK3] (on)\n[    0.305199] ACPI: Power Resource [CLK4] (on)\n[    0.315641] ACPI: Power Resource [CLK2] (on)\n[    0.315777] ACPI: Power Resource [CLK1] (on)\n[    0.315877] ACPI Error: No handler for Region [GMMR] (ffff880074cc65e8) [UserDefinedRegion] (20150930/evregion-163)\n[    0.315903] ACPI Error: Region UserDefinedRegion (ID=146) has no handler (20150930/exfldio-297)\n[    0.315928] ACPI Error: Method parse/execution failed [\\_SB.PCI0.I2C3.CAMC._STA] (Node ffff880074cbbf28), AE_NOT_EXIST (20150930/psparse-542)\n[    0.315999] ACPI Error: No handler for Region [GMMR] (ffff880074cc65e8) [UserDefinedRegion] (20150930/evregion-163)\n[    0.316020] ACPI Error: Region UserDefinedRegion (ID=146) has no handler (20150930/exfldio-297)\n[    0.316041] ACPI Error: Method parse/execution failed [\\_SB.PCI0.I2C3.CAML._STA] (Node ffff880074cbd1b8), AE_NOT_EXIST (20150930/psparse-542)\n[    0.317347] ACPI: Power Resource [CLK0] (on)\n[    0.317472] ACPI: Power Resource [CLK1] (on)\n[    0.318265] ACPI: Power Resource [P28X] (off)\n[    0.318390] ACPI: Power Resource [P18X] (off)\n[    0.321213] ACPI: Power Resource [P19X] (off)\n[    0.329724] ACPI: Power Resource [ID3C] (on)\n[    0.329920] ACPI: Power Resource [P06X] (off)\n[    0.336448] ACPI: Power Resource [P12X] (off)\n[    0.336578] ACPI: Power Resource [P28P] (off)\n[    0.336712] ACPI: Power Resource [P18P] (off)\n[    0.336847] ACPI: Power Resource [P28T] (off)\n[    0.336972] ACPI: Power Resource [P18D] (off)\n[    0.337098] ACPI: Power Resource [P18T] (off)\n[    0.337218] ACPI: Power Resource [P3P3] (off)\n[    0.337345] ACPI: Power Resource [P12T] (off)\n[    0.337467] ACPI: Power Resource [P28W] (off)\n[    0.337596] ACPI: Power Resource [P18W] (off)\n[    0.337719] ACPI: Power Resource [P12W] (off)\n[    0.337846] ACPI: Power Resource [P33W] (off)\n[    0.337978] ACPI: Power Resource [P33X] (off)\n[    0.345721] ACPI: PCI Root Bridge [PCI0] (domain 0000 [bus 00-ff])\n[    0.345747] acpi PNP0A08:00: _OSC: OS supports [ExtendedConfig ASPM ClockPM Segments MSI]\n[    0.346335] acpi PNP0A08:00: _OSC: OS now controls [PCIeHotplug PME AER PCIeCapability]\n[    0.346353] acpi PNP0A08:00: FADT indicates ASPM is unsupported, using BIOS configuration\n[    0.346399] acpi PNP0A08:00: [Firmware Info]: MMCONFIG for domain 0000 [bus 00-3f] only partially covers this bridge\n[    0.347421] PCI host bridge to bus 0000:00\n[    0.347437] pci_bus 0000:00: root bus resource [io  0x0070-0x0077]\n[    0.347451] pci_bus 0000:00: root bus resource [io  0x0000-0x006f window]\n[    0.347463] pci_bus 0000:00: root bus resource [io  0x0078-0x0cf7 window]\n[    0.347475] pci_bus 0000:00: root bus resource [io  0x0d00-0xffff window]\n[    0.347487] pci_bus 0000:00: root bus resource [mem 0x000a0000-0x000bffff window]\n[    0.347503] pci_bus 0000:00: root bus resource [mem 0x000c0000-0x000dffff window]\n[    0.347519] pci_bus 0000:00: root bus resource [mem 0x000e0000-0x000fffff window]\n[    0.347535] pci_bus 0000:00: root bus resource [mem 0x20000000-0x201fffff window]\n[    0.347550] pci_bus 0000:00: root bus resource [mem 0x7cc00001-0x7ec00000 window]\n[    0.347566] pci_bus 0000:00: root bus resource [mem 0x80000000-0xdfffffff window]\n[    0.347583] pci_bus 0000:00: root bus resource [bus 00-ff]\n[    0.347610] pci 0000:00:00.0: [8086:2280] type 00 class 0x060000\n[    0.347914] pci 0000:00:02.0: [8086:22b0] type 00 class 0x030000\n[    0.347959] pci 0000:00:02.0: reg 0x10: [mem 0x90000000-0x90ffffff 64bit]\n[    0.347977] pci 0000:00:02.0: reg 0x18: [mem 0x80000000-0x8fffffff 64bit pref]\n[    0.347989] pci 0000:00:02.0: reg 0x20: [io  0x1000-0x103f]\n[    0.348270] pci 0000:00:03.0: [8086:22b8] type 00 class 0x048000\n[    0.348304] pci 0000:00:03.0: reg 0x10: [mem 0x91000000-0x913fffff]\n[    0.348598] pci 0000:00:0a.0: [8086:22d8] type 00 class 0x000000\n[    0.348642] pci 0000:00:0a.0: reg 0x10: [mem 0x9193c000-0x9193cfff]\n[    0.349028] pci 0000:00:0b.0: [8086:22dc] type 00 class 0x118000\n[    0.349077] pci 0000:00:0b.0: reg 0x10: [mem 0x91918000-0x91918fff 64bit]\n[    0.349384] pci 0000:00:14.0: [8086:22b5] type 00 class 0x0c0330\n[    0.349442] pci 0000:00:14.0: reg 0x10: [mem 0x91900000-0x9190ffff 64bit]\n[    0.349552] pci 0000:00:14.0: PME# supported from D3hot D3cold\n[    0.349839] pci 0000:00:1a.0: [8086:2298] type 00 class 0x108000\n[    0.349882] pci 0000:00:1a.0: reg 0x10: [mem 0x91800000-0x918fffff]\n[    0.349898] pci 0000:00:1a.0: reg 0x14: [mem 0x91700000-0x917fffff]\n[    0.349990] pci 0000:00:1a.0: PME# supported from D0 D3hot\n[    0.350444] pci 0000:00:1c.0: [8086:22c8] type 01 class 0x060400\n[    0.352035] pci 0000:00:1c.0: PME# supported from D0 D3hot D3cold\n[    0.352564] pci 0000:00:1f.0: [8086:229c] type 00 class 0x060100\n[    0.354276] pci 0000:01:00.0: [8086:3165] type 00 class 0x028000\n[    0.355845] pci 0000:01:00.0: reg 0x10: [mem 0x91600000-0x91601fff 64bit]\n[    0.359412] pci 0000:01:00.0: PME# supported from D0 D3hot D3cold\n[    0.367157] pci 0000:00:1c.0: PCI bridge to [bus 01]\n[    0.367257] pci 0000:00:1c.0:   bridge window [mem 0x91600000-0x916fffff]\n[    0.380404] ACPI: PCI Interrupt Link [LNKA] (IRQs 3 4 5 6 10 11 12 14 15) *0, disabled.\n[    0.380603] ACPI: PCI Interrupt Link [LNKB] (IRQs 3 4 5 6 10 11 12 14 15) *0, disabled.\n[    0.380794] ACPI: PCI Interrupt Link [LNKC] (IRQs 3 4 5 6 10 11 12 14 15) *0, disabled.\n[    0.380986] ACPI: PCI Interrupt Link [LNKD] (IRQs 3 4 5 6 10 11 12 14 15) *0, disabled.\n[    0.381178] ACPI: PCI Interrupt Link [LNKE] (IRQs 3 4 5 6 10 11 12 14 15) *0, disabled.\n[    0.381368] ACPI: PCI Interrupt Link [LNKF] (IRQs 3 4 5 6 10 11 12 14 15) *0, disabled.\n[    0.381558] ACPI: PCI Interrupt Link [LNKG] (IRQs 3 4 5 6 10 11 12 14 15) *0, disabled.\n[    0.381748] ACPI: PCI Interrupt Link [LNKH] (IRQs 3 4 5 6 10 11 12 14 15) *0, disabled.\n[    0.386176] vgaarb: setting as boot device: PCI:0000:00:02.0\n[    0.386195] vgaarb: device added: PCI:0000:00:02.0,decodes=io+mem,owns=io+mem,locks=none\n[    0.386213] vgaarb: loaded\n[    0.386223] vgaarb: bridge control possible 0000:00:02.0\n[    0.386954] SCSI subsystem initialized\n[    0.387098] libata version 3.00 loaded.\n[    0.387163] ACPI: bus type USB registered\n[    0.387228] usbcore: registered new interface driver usbfs\n[    0.387262] usbcore: registered new interface driver hub\n[    0.387320] usbcore: registered new device driver usb\n[    0.388018] PCI: Using ACPI for IRQ routing\n[    0.390755] PCI: pci_cache_line_size set to 64 bytes\n[    0.391176] Expanded resource reserved due to conflict with PCI Bus 0000:00\n[    0.391191] e820: reserve RAM buffer [mem 0x0008f000-0x0008ffff]\n[    0.391196] e820: reserve RAM buffer [mem 0x79b60000-0x7bffffff]\n[    0.391498] NetLabel: Initializing\n[    0.391509] NetLabel:  domain hash size = 128\n[    0.391517] NetLabel:  protocols = UNLABELED CIPSOv4\n[    0.391555] NetLabel:  unlabeled traffic allowed by default\n[    0.391748] hpet0: at MMIO 0xfed00000, IRQs 2, 8, 0\n[    0.391766] hpet0: 3 comparators, 64-bit 14.318180 MHz counter\n[    0.393845] clocksource: Switched to clocksource hpet\n[    0.409465] AppArmor: AppArmor Filesystem Enabled\n[    0.409686] pnp: PnP ACPI init\n[    0.409951] system 00:00: [io  0x0680-0x069f] has been reserved\n[    0.409966] system 00:00: [io  0x0400-0x047f] has been reserved\n[    0.409979] system 00:00: [io  0x0500-0x05fe] has been reserved\n[    0.409998] system 00:00: Plug and Play ACPI device, IDs PNP0c02 (active)\n[    0.410237] pnp 00:01: Plug and Play ACPI device, IDs PNP0501 (active)\n[    0.413690] ACPI Error: No handler for Region [GMMR] (ffff880074cc65e8) [UserDefinedRegion] (20150930/evregion-163)\n[    0.413716] ACPI Error: Region UserDefinedRegion (ID=146) has no handler (20150930/exfldio-297)\n[    0.413737] ACPI Error: Method parse/execution failed [\\_SB.PCI0.I2C3.CAMC._STA] (Node ffff880074cbbf28), AE_NOT_EXIST (20150930/psparse-542)\n[    0.413771] ACPI Error: Method execution failed [\\_SB.PCI0.I2C3.CAMC._STA] (Node ffff880074cbbf28), AE_NOT_EXIST (20150930/uteval-103)\n[    0.413819] ACPI Error: No handler for Region [GMMR] (ffff880074cc65e8) [UserDefinedRegion] (20150930/evregion-163)\n[    0.413866] ACPI Error: Region UserDefinedRegion (ID=146) has no handler (20150930/exfldio-297)\n[    0.413887] ACPI Error: Method parse/execution failed [\\_SB.PCI0.I2C3.CAML._STA] (Node ffff880074cbd1b8), AE_NOT_EXIST (20150930/psparse-542)\n[    0.413918] ACPI Error: Method execution failed [\\_SB.PCI0.I2C3.CAML._STA] (Node ffff880074cbd1b8), AE_NOT_EXIST (20150930/uteval-103)\n[    0.417069] system 00:02: [mem 0x9193a000-0x9193afff] has been reserved\n[    0.417085] system 00:02: [mem 0x91938000-0x91938fff] has been reserved\n[    0.417098] system 00:02: [mem 0x91936000-0x91936fff] has been reserved\n[    0.417111] system 00:02: [mem 0x91925000-0x91925fff] has been reserved\n[    0.417124] system 00:02: [mem 0x91923000-0x91923fff] has been reserved\n[    0.417138] system 00:02: [mem 0x91921000-0x91921fff] has been reserved\n[    0.417150] system 00:02: [mem 0x9191f000-0x9191ffff] has been reserved\n[    0.417163] system 00:02: [mem 0x9191d000-0x9191dfff] has been reserved\n[    0.417175] system 00:02: [mem 0x9191b000-0x9191bfff] has been reserved\n[    0.417188] system 00:02: [mem 0x91919000-0x91919fff] has been reserved\n[    0.417200] system 00:02: [mem 0x91934000-0x91934fff] has been reserved\n[    0.417213] system 00:02: [mem 0x91932000-0x91932fff] has been reserved\n[    0.417225] system 00:02: [mem 0x91930000-0x91930fff] has been reserved\n[    0.417238] system 00:02: [mem 0x9192e000-0x9192efff] has been reserved\n[    0.417251] system 00:02: [mem 0x9192c000-0x9192cfff] has been reserved\n[    0.417263] system 00:02: [mem 0x9192a000-0x9192afff] has been reserved\n[    0.417276] system 00:02: [mem 0x91928000-0x91928fff] has been reserved\n[    0.417288] system 00:02: [mem 0x91926000-0x91926fff] has been reserved\n[    0.417305] system 00:02: Plug and Play ACPI device, IDs PNP0c02 (active)\n[    0.417632] system 00:03: [mem 0xe0000000-0xefffffff] could not be reserved\n[    0.417647] system 00:03: [mem 0xfea00000-0xfeafffff] has been reserved\n[    0.417660] system 00:03: [mem 0xfed01000-0xfed01fff] has been reserved\n[    0.417672] system 00:03: [mem 0xfed03000-0xfed03fff] has been reserved\n[    0.417685] system 00:03: [mem 0xfed06000-0xfed06fff] has been reserved\n[    0.417697] system 00:03: [mem 0xfed08000-0xfed09fff] has been reserved\n[    0.417710] system 00:03: [mem 0xfed80000-0xfedbffff] could not be reserved\n[    0.417722] system 00:03: [mem 0xfed1c000-0xfed1cfff] has been reserved\n[    0.417735] system 00:03: [mem 0xfee00000-0xfeefffff] could not be reserved\n[    0.417750] system 00:03: Plug and Play ACPI device, IDs PNP0c02 (active)\n[    0.418208] pnp 00:04: Plug and Play ACPI device, IDs PNP0b00 (active)\n[    0.419467] pnp: PnP ACPI: found 5 devices\n[    0.430576] clocksource: acpi_pm: mask: 0xffffff max_cycles: 0xffffff, max_idle_ns: 2085701024 ns\n[    0.430756] pci 0000:00:1c.0: PCI bridge to [bus 01]\n[    0.430836] pci 0000:00:1c.0:   bridge window [mem 0x91600000-0x916fffff]\n[    0.430978] pci_bus 0000:00: resource 4 [io  0x0070-0x0077]\n[    0.430984] pci_bus 0000:00: resource 5 [io  0x0000-0x006f window]\n[    0.430989] pci_bus 0000:00: resource 6 [io  0x0078-0x0cf7 window]\n[    0.430994] pci_bus 0000:00: resource 7 [io  0x0d00-0xffff window]\n[    0.430999] pci_bus 0000:00: resource 8 [mem 0x000a0000-0x000bffff window]\n[    0.431004] pci_bus 0000:00: resource 9 [mem 0x000c0000-0x000dffff window]\n[    0.431010] pci_bus 0000:00: resource 10 [mem 0x000e0000-0x000fffff window]\n[    0.431015] pci_bus 0000:00: resource 11 [mem 0x20000000-0x201fffff window]\n[    0.431020] pci_bus 0000:00: resource 12 [mem 0x7cc00001-0x7ec00000 window]\n[    0.431026] pci_bus 0000:00: resource 13 [mem 0x80000000-0xdfffffff window]\n[    0.431031] pci_bus 0000:01: resource 1 [mem 0x91600000-0x916fffff]\n[    0.431109] NET: Registered protocol family 2\n[    0.431503] TCP established hash table entries: 16384 (order: 5, 131072 bytes)\n[    0.431622] TCP bind hash table entries: 16384 (order: 6, 262144 bytes)\n[    0.431740] TCP: Hash tables configured (established 16384 bind 16384)\n[    0.431816] UDP hash table entries: 1024 (order: 3, 32768 bytes)\n[    0.431854] UDP-Lite hash table entries: 1024 (order: 3, 32768 bytes)\n[    0.431984] NET: Registered protocol family 1\n[    0.432038] pci 0000:00:02.0: Video device with shadowed ROM\n[    0.434193] PCI: CLS 64 bytes, default 64\n[    0.434333] Trying to unpack rootfs image as initramfs...\n[    1.670316] Freeing initrd memory: 32860K (ffff880033fc2000 - ffff880035fd9000)\n[    1.670799] Scanning for low memory corruption every 60 seconds\n[    1.671844] futex hash table entries: 1024 (order: 4, 65536 bytes)\n[    1.671933] audit: initializing netlink subsys (disabled)\n[    1.671982] audit: type=2000 audit(1450913680.660:1): initialized\n[    1.672700] Initialise system trusted keyring\n[    1.672996] HugeTLB registered 2 MB page size, pre-allocated 0 pages\n[    1.677449] zbud: loaded\n[    1.678002] VFS: Disk quotas dquot_6.6.0\n[    1.678111] VFS: Dquot-cache hash table entries: 512 (order 0, 4096 bytes)\n[    1.679542] fuse init (API version 7.23)\n[    1.679955] Key type big_key registered\n[    1.681220] Key type asymmetric registered\n[    1.681239] Asymmetric key parser 'x509' registered\n[    1.681379] Block layer SCSI generic (bsg) driver version 